../Core/Src/main.c:89:6:HAL_UART_RxCpltCallback	16	static
../Core/Src/main.c:96:6:HAL_UART_TxCpltCallback	16	static
../Core/Src/main.c:101:6:HAL_ADC_ConvCpltCallback	16	static
../Core/Src/main.c:121:5:main	32	static
../Core/Src/main.c:206:6:SystemClock_Config	96	static
../Core/Src/main.c:255:6:PeriphCommonClock_Config	144	static
../Core/Src/main.c:281:13:MX_ADC1_Init	48	static
../Core/Src/main.c:348:13:MX_ADC2_Init	32	static
../Core/Src/main.c:406:13:MX_USART2_UART_Init	8	static
../Core/Src/main.c:439:13:MX_DMA_Init	16	static
../Core/Src/main.c:460:13:MX_GPIO_Init	48	static
../Core/Src/main.c:515:6:SIM_set_torques	40	static
../Core/Src/main.c:543:6:SIM_set_steering_angle	32	static
../Core/Src/main.c:565:6:Error_Handler	4	static,ignoring_inline_asm
