Archive member included to satisfy reference by file (symbol)

C:/Users/Badda Bing/Programmering/STM32/STM32CubeIDE_1.13.2/STM32CubeIDE/plugins/com.st.stm32cube.ide.mcu.externaltools.gnu-tools-for-stm32.11.3.rel1.win32_1.1.100.202309141235/tools/bin/../lib/gcc/arm-none-eabi/11.3.1/../../../../arm-none-eabi/lib/thumb/v7e-m+fp/hard\libc_nano.a(libc_a-exit.o)
                              C:/Users/Badda Bing/Programmering/STM32/STM32CubeIDE_1.13.2/STM32CubeIDE/plugins/com.st.stm32cube.ide.mcu.externaltools.gnu-tools-for-stm32.11.3.rel1.win32_1.1.100.202309141235/tools/bin/../lib/gcc/arm-none-eabi/11.3.1/../../../../arm-none-eabi/lib/thumb/v7e-m+fp/hard/crt0.o (exit)
C:/Users/Badda Bing/Programmering/STM32/STM32CubeIDE_1.13.2/STM32CubeIDE/plugins/com.st.stm32cube.ide.mcu.externaltools.gnu-tools-for-stm32.11.3.rel1.win32_1.1.100.202309141235/tools/bin/../lib/gcc/arm-none-eabi/11.3.1/../../../../arm-none-eabi/lib/thumb/v7e-m+fp/hard\libc_nano.a(libc_a-findfp.o)
                              C:/Users/Badda Bing/Programmering/STM32/STM32CubeIDE_1.13.2/STM32CubeIDE/plugins/com.st.stm32cube.ide.mcu.externaltools.gnu-tools-for-stm32.11.3.rel1.win32_1.1.100.202309141235/tools/bin/../lib/gcc/arm-none-eabi/11.3.1/../../../../arm-none-eabi/lib/thumb/v7e-m+fp/hard\libc_nano.a(libc_a-exit.o) (__stdio_exit_handler)
C:/Users/Badda Bing/Programmering/STM32/STM32CubeIDE_1.13.2/STM32CubeIDE/plugins/com.st.stm32cube.ide.mcu.externaltools.gnu-tools-for-stm32.11.3.rel1.win32_1.1.100.202309141235/tools/bin/../lib/gcc/arm-none-eabi/11.3.1/../../../../arm-none-eabi/lib/thumb/v7e-m+fp/hard\libc_nano.a(libc_a-fwalk.o)
                              C:/Users/Badda Bing/Programmering/STM32/STM32CubeIDE_1.13.2/STM32CubeIDE/plugins/com.st.stm32cube.ide.mcu.externaltools.gnu-tools-for-stm32.11.3.rel1.win32_1.1.100.202309141235/tools/bin/../lib/gcc/arm-none-eabi/11.3.1/../../../../arm-none-eabi/lib/thumb/v7e-m+fp/hard\libc_nano.a(libc_a-findfp.o) (_fwalk_sglue)
C:/Users/Badda Bing/Programmering/STM32/STM32CubeIDE_1.13.2/STM32CubeIDE/plugins/com.st.stm32cube.ide.mcu.externaltools.gnu-tools-for-stm32.11.3.rel1.win32_1.1.100.202309141235/tools/bin/../lib/gcc/arm-none-eabi/11.3.1/../../../../arm-none-eabi/lib/thumb/v7e-m+fp/hard\libc_nano.a(libc_a-stdio.o)
                              C:/Users/Badda Bing/Programmering/STM32/STM32CubeIDE_1.13.2/STM32CubeIDE/plugins/com.st.stm32cube.ide.mcu.externaltools.gnu-tools-for-stm32.11.3.rel1.win32_1.1.100.202309141235/tools/bin/../lib/gcc/arm-none-eabi/11.3.1/../../../../arm-none-eabi/lib/thumb/v7e-m+fp/hard\libc_nano.a(libc_a-findfp.o) (__sread)
C:/Users/Badda Bing/Programmering/STM32/STM32CubeIDE_1.13.2/STM32CubeIDE/plugins/com.st.stm32cube.ide.mcu.externaltools.gnu-tools-for-stm32.11.3.rel1.win32_1.1.100.202309141235/tools/bin/../lib/gcc/arm-none-eabi/11.3.1/../../../../arm-none-eabi/lib/thumb/v7e-m+fp/hard\libc_nano.a(libc_a-memset.o)
                              C:/Users/Badda Bing/Programmering/STM32/STM32CubeIDE_1.13.2/STM32CubeIDE/plugins/com.st.stm32cube.ide.mcu.externaltools.gnu-tools-for-stm32.11.3.rel1.win32_1.1.100.202309141235/tools/bin/../lib/gcc/arm-none-eabi/11.3.1/../../../../arm-none-eabi/lib/thumb/v7e-m+fp/hard/crt0.o (memset)
C:/Users/Badda Bing/Programmering/STM32/STM32CubeIDE_1.13.2/STM32CubeIDE/plugins/com.st.stm32cube.ide.mcu.externaltools.gnu-tools-for-stm32.11.3.rel1.win32_1.1.100.202309141235/tools/bin/../lib/gcc/arm-none-eabi/11.3.1/../../../../arm-none-eabi/lib/thumb/v7e-m+fp/hard\libc_nano.a(libc_a-closer.o)
                              C:/Users/Badda Bing/Programmering/STM32/STM32CubeIDE_1.13.2/STM32CubeIDE/plugins/com.st.stm32cube.ide.mcu.externaltools.gnu-tools-for-stm32.11.3.rel1.win32_1.1.100.202309141235/tools/bin/../lib/gcc/arm-none-eabi/11.3.1/../../../../arm-none-eabi/lib/thumb/v7e-m+fp/hard\libc_nano.a(libc_a-stdio.o) (_close_r)
C:/Users/Badda Bing/Programmering/STM32/STM32CubeIDE_1.13.2/STM32CubeIDE/plugins/com.st.stm32cube.ide.mcu.externaltools.gnu-tools-for-stm32.11.3.rel1.win32_1.1.100.202309141235/tools/bin/../lib/gcc/arm-none-eabi/11.3.1/../../../../arm-none-eabi/lib/thumb/v7e-m+fp/hard\libc_nano.a(libc_a-reent.o)
                              C:/Users/Badda Bing/Programmering/STM32/STM32CubeIDE_1.13.2/STM32CubeIDE/plugins/com.st.stm32cube.ide.mcu.externaltools.gnu-tools-for-stm32.11.3.rel1.win32_1.1.100.202309141235/tools/bin/../lib/gcc/arm-none-eabi/11.3.1/../../../../arm-none-eabi/lib/thumb/v7e-m+fp/hard\libc_nano.a(libc_a-closer.o) (errno)
C:/Users/Badda Bing/Programmering/STM32/STM32CubeIDE_1.13.2/STM32CubeIDE/plugins/com.st.stm32cube.ide.mcu.externaltools.gnu-tools-for-stm32.11.3.rel1.win32_1.1.100.202309141235/tools/bin/../lib/gcc/arm-none-eabi/11.3.1/../../../../arm-none-eabi/lib/thumb/v7e-m+fp/hard\libc_nano.a(libc_a-impure.o)
[...]
Memory Configuration

Name             Origin             Length             Attributes
RAM              0x0000000020000000 0x0000000000018000 xrw
RAM2             0x0000000010000000 0x0000000000008000 xrw
FLASH            0x0000000008000000 0x0000000000100000 xr
*default*        0x0000000000000000 0xffffffffffffffff

Linker script and memory map

LOAD C:/Users/Badda Bing/Programmering/STM32/STM32CubeIDE_1.13.2/STM32CubeIDE/plugins/com.st.stm32cube.ide.mcu.externaltools.gnu-tools-for-stm32.11.3.rel1.win32_1.1.100.202309141235/tools/bin/../lib/gcc/arm-none-eabi/11.3.1/thumb/v7e-m+fp/hard/crti.o
LOAD C:/Users/Badda Bing/Programmering/STM32/STM32CubeIDE_1.13.2/STM32CubeIDE/plugins/com.st.stm32cube.ide.mcu.externaltools.gnu-tools-for-stm32.11.3.rel1.win32_1.1.100.202309141235/tools/bin/../lib/gcc/arm-none-eabi/11.3.1/thumb/v7e-m+fp/hard/crtbegin.o
LOAD C:/Users/Badda Bing/Programmering/STM32/STM32CubeIDE_1.13.2/STM32CubeIDE/plugins/com.st.stm32cube.ide.mcu.externaltools.gnu-tools-for-stm32.11.3.rel1.win32_1.1.100.202309141235/tools/bin/../lib/gcc/arm-none-eabi/11.3.1/../../../../arm-none-eabi/lib/thumb/v7e-m+fp/hard/crt0.o
LOAD ./Core/Src/main.o
LOAD ./Core/Src/stm32l4xx_hal_msp.o
LOAD ./Core/Src/stm32l4xx_it.o
LOAD ./Core/Src/syscalls.o
LOAD ./Core/Src/sysmem.o
LOAD ./Core/Src/system_stm32l4xx.o
LOAD ./Core/Startup/startup_stm32l476rgtx.o
LOAD ./Drivers/STM32L4xx_HAL_Driver/Src/stm32l4xx_hal.o
LOAD ./Drivers/STM32L4xx_HAL_Driver/Src/stm32l4xx_hal_adc.o
LOAD ./Drivers/STM32L4xx_HAL_Driver/Src/stm32l4xx_hal_adc_ex.o
LOAD ./Drivers/STM32L4xx_HAL_Driver/Src/stm32l4xx_hal_cortex.o
LOAD ./Drivers/STM32L4xx_HAL_Driver/Src/stm32l4xx_hal_dma.o
LOAD ./Drivers/STM32L4xx_HAL_Driver/Src/stm32l4xx_hal_dma_ex.o
LOAD ./Drivers/STM32L4xx_HAL_Driver/Src/stm32l4xx_hal_exti.o
LOAD ./Drivers/STM32L4xx_HAL_Driver/Src/stm32l4xx_hal_flash.o
LOAD ./Drivers/STM32L4xx_HAL_Driver/Src/stm32l4xx_hal_flash_ex.o
LOAD ./Drivers/STM32L4xx_HAL_Driver/Src/stm32l4xx_hal_flash_ramfunc.o
LOAD ./Drivers/STM32L4xx_HAL_Driver/Src/stm32l4xx_hal_gpio.o
LOAD ./Drivers/STM32L4xx_HAL_Driver/Src/stm32l4xx_hal_i2c.o
LOAD ./Drivers/STM32L4xx_HAL_Driver/Src/stm32l4xx_hal_i2c_ex.o
LOAD ./Drivers/STM32L4xx_HAL_Driver/Src/stm32l4xx_hal_pwr.o
LOAD ./Drivers/STM32L4xx_HAL_Driver/Src/stm32l4xx_hal_pwr_ex.o
LOAD ./Drivers/STM32L4xx_HAL_Driver/Src/stm32l4xx_hal_rcc.o
LOAD ./Drivers/STM32L4xx_HAL_Driver/Src/stm32l4xx_hal_rcc_ex.o
LOAD ./Drivers/STM32L4xx_HAL_Driver/Src/stm32l4xx_hal_tim.o
LOAD ./Drivers/STM32L4xx_HAL_Driver/Src/stm32l4xx_hal_tim_ex.o
LOAD ./Drivers/STM32L4xx_HAL_Driver/Src/stm32l4xx_hal_uart.o
LOAD ./Drivers/STM32L4xx_HAL_Driver/Src/stm32l4xx_hal_uart_ex.o
START GROUP
LOAD C:/Users/Badda Bing/Programmering/STM32/STM32CubeIDE_1.13.2/STM32CubeIDE/plugins/com.st.stm32cube.ide.mcu.externaltools.gnu-tools-for-stm32.11.3.rel1.win32_1.1.100.202309141235/tools/bin/../lib/gcc/arm-none-eabi/11.3.1/../../../../arm-none-eabi/lib/thumb/v7e-m+fp/hard\libc_nano.a
LOAD C:/Users/Badda Bing/Programmering/STM32/STM32CubeIDE_1.13.2/STM32CubeIDE/plugins/com.st.stm32cube.ide.mcu.externaltools.gnu-tools-for-stm32.11.3.rel1.win32_1.1.100.202309141235/tools/bin/../lib/gcc/arm-none-eabi/11.3.1/../../../../arm-none-eabi/lib/thumb/v7e-m+fp/hard\libm.a
END GROUP
START GROUP
LOAD C:/Users/Badda Bing/Programmering/STM32/STM32CubeIDE_1.13.2/STM32CubeIDE/plugins/com.st.stm32cube.ide.mcu.externaltools.gnu-tools-for-stm32.11.3.rel1.win32_1.1.100.202309141235/tools/bin/../lib/gcc/arm-none-eabi/11.3.1/thumb/v7e-m+fp/hard\libgcc.a
LOAD C:/Users/Badda Bing/Programmering/STM32/STM32CubeIDE_1.13.2/STM32CubeIDE/plugins/com.st.stm32cube.ide.mcu.externaltools.gnu-tools-for-stm32.11.3.rel1.win32_1.1.100.202309141235/tools/bin/../lib/gcc/arm-none-eabi/11.3.1/../../../../arm-none-eabi/lib/thumb/v7e-m+fp/hard\libc_nano.a
END GROUP
START GROUP
LOAD C:/Users/Badda Bing/Programmering/STM32/STM32CubeIDE_1.13.2/STM32CubeIDE/plugins/com.st.stm32cube.ide.mcu.externaltools.gnu-tools-for-stm32.11.3.rel1.win32_1.1.100.202309141235/tools/bin/../lib/gcc/arm-none-eabi/11.3.1/thumb/v7e-m+fp/hard\libgcc.a
LOAD C:/Users/Badda Bing/Programmering/STM32/STM32CubeIDE_1.13.2/STM32CubeIDE/plugins/com.st.stm32cube.ide.mcu.externaltools.gnu-tools-for-stm32.11.3.rel1.win32_1.1.100.202309141235/tools/bin/../lib/gcc/arm-none-eabi/11.3.1/../../../../arm-none-eabi/lib/thumb/v7e-m+fp/hard\libc_nano.a
LOAD C:/Users/Badda Bing/Programmering/STM32/STM32CubeIDE_1.13.2/STM32CubeIDE/plugins/com.st.stm32cube.ide.mcu.externaltools.gnu-tools-for-stm32.11.3.rel1.win32_1.1.100.202309141235/tools/bin/../lib/gcc/arm-none-eabi/11.3.1/../../../../arm-none-eabi/lib/thumb/v7e-m+fp/hard\libnosys.a
END GROUP
START GROUP
LOAD C:/Users/Badda Bing/Programmering/STM32/STM32CubeIDE_1.13.2/STM32CubeIDE/plugins/com.st.stm32cube.ide.mcu.externaltools.gnu-tools-for-stm32.11.3.rel1.win32_1.1.100.202309141235/tools/bin/../lib/gcc/arm-none-eabi/11.3.1/thumb/v7e-m+fp/hard\libgcc.a
LOAD C:/Users/Badda Bing/Programmering/STM32/STM32CubeIDE_1.13.2/STM32CubeIDE/plugins/com.st.stm32cube.ide.mcu.externaltools.gnu-tools-for-stm32.11.3.rel1.win32_1.1.100.202309141235/tools/bin/../lib/gcc/arm-none-eabi/11.3.1/../../../../arm-none-eabi/lib/thumb/v7e-m+fp/hard\libc_nano.a
LOAD C:/Users/Badda Bing/Programmering/STM32/STM32CubeIDE_1.13.2/STM32CubeIDE/plugins/com.st.stm32cube.ide.mcu.externaltools.gnu-tools-for-stm32.11.3.rel1.win32_1.1.100.202309141235/tools/bin/../lib/gcc/arm-none-eabi/11.3.1/../../../../arm-none-eabi/lib/thumb/v7e-m+fp/hard\libnosys.a
END GROUP
LOAD C:/Users/Badda Bing/Programmering/STM32/STM32CubeIDE_1.13.2/STM32CubeIDE/plugins/com.st.stm32cube.ide.mcu.externaltools.gnu-tools-for-stm32.11.3.rel1.win32_1.1.100.202309141235/tools/bin/../lib/gcc/arm-none-eabi/11.3.1/thumb/v7e-m+fp/hard/crtend.o
LOAD C:/Users/Badda Bing/Programmering/STM32/STM32CubeIDE_1.13.2/STM32CubeIDE/plugins/com.st.stm32cube.ide.mcu.externaltools.gnu-tools-for-stm32.11.3.rel1.win32_1.1.100.202309141235/tools/bin/../lib/gcc/arm-none-eabi/11.3.1/thumb/v7e-m+fp/hard/crtn.o
                0x0000000020018000                _estack = (ORIGIN (RAM) + LENGTH (RAM))
                0x0000000000000200                _Min_Heap_Size = 0x200
                0x0000000000000400                _Min_Stack_Size = 0x400

.isr_vector     0x0000000008000000      0x188
                0x0000000008000000                . = ALIGN (0x4)
 *(.isr_vector)
 .isr_vector    0x0000000008000000      0x188 ./Core/Startup/startup_stm32l476rgtx.o
                0x0000000008000000                g_pfnVectors
                0x0000000008000188                . = ALIGN (0x4)

.text           0x0000000008000188     0x60ec
                0x0000000008000188                . = ALIGN (0x4)
 *(.text)
 .text          0x0000000008000188       0x40 C:/Users/Badda Bing/Programmering/STM32/STM32CubeIDE_1.13.2/STM32CubeIDE/plugins/com.st.stm32cube.ide.mcu.externaltools.gnu-tools-for-stm32.11.3.rel1.win32_1.1.100.202309141235/tools/bin/../lib/gcc/arm-none-eabi/11.3.1/thumb/v7e-m+fp/hard/crtbegin.o
 .text          0x00000000080001c8       0x30 C:/Users/Badda Bing/Programmering/STM32/STM32CubeIDE_1.13.2/STM32CubeIDE/plugins/com.st.stm32cube.ide.mcu.externaltools.gnu-tools-for-stm32.11.3.rel1.win32_1.1.100.202309141235/tools/bin/../lib/gcc/arm-none-eabi/11.3.1/thumb/v7e-m+fp/hard\libgcc.a(_aeabi_uldivmod.o)
                0x00000000080001c8                __aeabi_uldivmod
 .text          0x00000000080001f8      0x2c8 C:/Users/Badda Bing/Programmering/STM32/STM32CubeIDE_1.13.2/STM32CubeIDE/plugins/com.st.stm32cube.ide.mcu.externaltools.gnu-tools-for-stm32.11.3.rel1.win32_1.1.100.202309141235/tools/bin/../lib/gcc/arm-none-eabi/11.3.1/thumb/v7e-m+fp/hard\libgcc.a(_udivmoddi4.o)
                0x00000000080001f8                __udivmoddi4
 .text          0x00000000080004c0        0x4 C:/Users/Badda Bing/Programmering/STM32/STM32CubeIDE_1.13.2/STM32CubeIDE/plugins/com.st.stm32cube.ide.mcu.externaltools.gnu-tools-for-stm32.11.3.rel1.win32_1.1.100.202309141235/tools/bin/../lib/gcc/arm-none-eabi/11.3.1/thumb/v7e-m+fp/hard\libgcc.a(_dvmd_tls.o)
                0x00000000080004c0                __aeabi_idiv0
                0x00000000080004c0                __aeabi_ldiv0
 *(.text*)
 .text.HAL_UART_RxCpltCallback
                0x00000000080004c4       0x30 ./Core/Src/main.o
                0x00000000080004c4                HAL_UART_RxCpltCallback
 .text.HAL_UART_TxCpltCallback
                0x00000000080004f4       0x14 ./Core/Src/main.o
                0x00000000080004f4                HAL_UART_TxCpltCallback
 .text.HAL_ADC_ConvCpltCallback
                0x0000000008000508       0x5c ./Core/Src/main.o
                0x0000000008000508                HAL_ADC_ConvCpltCallback
 .text.main     0x0000000008000564      0x140 ./Core/Src/main.o
                0x0000000008000564                main
 .text.SystemClock_Config
                0x00000000080006a4       0xa2 ./Core/Src/main.o
                0x00000000080006a4                SystemClock_Config
 .text.PeriphCommonClock_Config
                0x0000000008000746       0x56 ./Core/Src/main.o
                0x0000000008000746                PeriphCommonClock_Config
 .text.MX_ADC1_Init
                0x000000000800079c       0xec ./Core/Src/main.o
 .text.MX_ADC2_Init
                0x0000000008000888       0xc8 ./Core/Src/main.o
 .text.MX_USART2_UART_Init
                0x0000000008000950       0x60 ./Core/Src/main.o
 .text.MX_DMA_Init
                0x00000000080009b0       0x4c ./Core/Src/main.o
 .text.MX_GPIO_Init
                0x00000000080009fc       0xf8 ./Core/Src/main.o
 .text.SIM_set_torques
                0x0000000008000af4       0x80 ./Core/Src/main.o
                0x0000000008000af4                SIM_set_torques
 .text.SIM_set_steering_angle
                0x0000000008000b74       0x56 ./Core/Src/main.o
                0x0000000008000b74                SIM_set_steering_angle
 .text.Error_Handler
                0x0000000008000bca        0xa ./Core/Src/main.o
                0x0000000008000bca                Error_Handler
 .text.HAL_MspInit
                0x0000000008000bd4       0x48 ./Core/Src/stm32l4xx_hal_msp.o
                0x0000000008000bd4                HAL_MspInit
 .text.HAL_ADC_MspInit
                0x0000000008000c1c      0x120 ./Core/Src/stm32l4xx_hal_msp.o
                0x0000000008000c1c                HAL_ADC_MspInit
 .text.HAL_UART_MspInit
                0x0000000008000d3c      0x180 ./Core/Src/stm32l4xx_hal_msp.o
                0x0000000008000d3c                HAL_UART_MspInit
 .text.NMI_Handler
                0x0000000008000ebc        0x6 ./Core/Src/stm32l4xx_it.o
                0x0000000008000ebc                NMI_Handler
 .text.HardFault_Handler
                0x0000000008000ec2        0x6 ./Core/Src/stm32l4xx_it.o
                0x0000000008000ec2                HardFault_Handler
 .text.MemManage_Handler
                0x0000000008000ec8        0x6 ./Core/Src/stm32l4xx_it.o
                0x0000000008000ec8                MemManage_Handler
 .text.BusFault_Handler
                0x0000000008000ece        0x6 ./Core/Src/stm32l4xx_it.o
                0x0000000008000ece                BusFault_Handler
 .text.UsageFault_Handler
                0x0000000008000ed4        0x6 ./Core/Src/stm32l4xx_it.o
                0x0000000008000ed4                UsageFault_Handler
 .text.SVC_Handler
                0x0000000008000eda        0xe ./Core/Src/stm32l4xx_it.o
                0x0000000008000eda                SVC_Handler
 .text.DebugMon_Handler
                0x0000000008000ee8        0xe ./Core/Src/stm32l4xx_it.o
                0x0000000008000ee8                DebugMon_Handler
 .text.PendSV_Handler
                0x0000000008000ef6        0xe ./Core/Src/stm32l4xx_it.o
                0x0000000008000ef6                PendSV_Handler
 .text.SysTick_Handler
                0x0000000008000f04        0xc ./Core/Src/stm32l4xx_it.o
                0x0000000008000f04                SysTick_Handler
 .text.DMA1_Channel6_IRQHandler
                0x0000000008000f10       0x14 ./Core/Src/stm32l4xx_it.o
                0x0000000008000f10                DMA1_Channel6_IRQHandler
 .text.DMA1_Channel7_IRQHandler
                0x0000000008000f24       0x14 ./Core/Src/stm32l4xx_it.o
                0x0000000008000f24                DMA1_Channel7_IRQHandler
 .text.ADC1_2_IRQHandler
                0x0000000008000f38       0x1c ./Core/Src/stm32l4xx_it.o
                0x0000000008000f38                ADC1_2_IRQHandler
 .text.USART2_IRQHandler
                0x0000000008000f54       0x14 ./Core/Src/stm32l4xx_it.o
                0x0000000008000f54                USART2_IRQHandler
 .text.SystemInit
                0x0000000008000f68       0x24 ./Core/Src/system_stm32l4xx.o
                0x0000000008000f68                SystemInit
 .text.Reset_Handler
                0x0000000008000f8c       0x50 ./Core/Startup/startup_stm32l476rgtx.o
                0x0000000008000f8c                Reset_Handler
 .text.Default_Handler
                0x0000000008000fdc        0x2 ./Core/Startup/startup_stm32l476rgtx.o
                0x0000000008000fdc                RTC_Alarm_IRQHandler
                0x0000000008000fdc                EXTI2_IRQHandler
                0x0000000008000fdc                TIM8_TRG_COM_IRQHandler
                0x0000000008000fdc                TIM8_CC_IRQHandler
                0x0000000008000fdc                TIM1_CC_IRQHandler
                0x0000000008000fdc                TSC_IRQHandler
                0x0000000008000fdc                TAMP_STAMP_IRQHandler
                0x0000000008000fdc                EXTI3_IRQHandler
                0x0000000008000fdc                LPTIM2_IRQHandler
                0x0000000008000fdc                DFSDM1_FLT1_IRQHandler
                0x0000000008000fdc                I2C3_ER_IRQHandler
                0x0000000008000fdc                DFSDM1_FLT2_IRQHandler
                0x0000000008000fdc                EXTI0_IRQHandler
                0x0000000008000fdc                I2C2_EV_IRQHandler
                0x0000000008000fdc                CAN1_RX0_IRQHandler
                0x0000000008000fdc                FPU_IRQHandler
                0x0000000008000fdc                TIM1_UP_TIM16_IRQHandler
                0x0000000008000fdc                SPI1_IRQHandler
                0x0000000008000fdc                TIM6_DAC_IRQHandler
                0x0000000008000fdc                TIM8_UP_IRQHandler
                0x0000000008000fdc                DMA2_Channel2_IRQHandler
                0x0000000008000fdc                DMA1_Channel4_IRQHandler
                0x0000000008000fdc                SAI2_IRQHandler
                0x0000000008000fdc                DFSDM1_FLT3_IRQHandler
                0x0000000008000fdc                USART3_IRQHandler
                0x0000000008000fdc                CAN1_RX1_IRQHandler
                0x0000000008000fdc                LCD_IRQHandler
                0x0000000008000fdc                UART5_IRQHandler
                0x0000000008000fdc                ADC3_IRQHandler
                0x0000000008000fdc                TIM4_IRQHandler
                0x0000000008000fdc                DMA2_Channel1_IRQHandler
                0x0000000008000fdc                QUADSPI_IRQHandler
                0x0000000008000fdc                I2C1_EV_IRQHandler
                0x0000000008000fdc                UART4_IRQHandler
                0x0000000008000fdc                DMA2_Channel4_IRQHandler
                0x0000000008000fdc                TIM3_IRQHandler
                0x0000000008000fdc                RCC_IRQHandler
                0x0000000008000fdc                DMA1_Channel1_IRQHandler
                0x0000000008000fdc                Default_Handler
                0x0000000008000fdc                DMA2_Channel7_IRQHandler
                0x0000000008000fdc                EXTI15_10_IRQHandler
                0x0000000008000fdc                TIM7_IRQHandler
                0x0000000008000fdc                SDMMC1_IRQHandler
                0x0000000008000fdc                TIM5_IRQHandler
                0x0000000008000fdc                I2C3_EV_IRQHandler
                0x0000000008000fdc                EXTI9_5_IRQHandler
                0x0000000008000fdc                RTC_WKUP_IRQHandler
                0x0000000008000fdc                PVD_PVM_IRQHandler
                0x0000000008000fdc                SPI2_IRQHandler
                0x0000000008000fdc                CAN1_TX_IRQHandler
                0x0000000008000fdc                DMA2_Channel5_IRQHandler
                0x0000000008000fdc                DMA1_Channel5_IRQHandler
                0x0000000008000fdc                EXTI4_IRQHandler
                0x0000000008000fdc                RNG_IRQHandler
                0x0000000008000fdc                TIM1_TRG_COM_TIM17_IRQHandler
                0x0000000008000fdc                DMA1_Channel3_IRQHandler
                0x0000000008000fdc                COMP_IRQHandler
                0x0000000008000fdc                WWDG_IRQHandler
                0x0000000008000fdc                LPUART1_IRQHandler
                0x0000000008000fdc                DMA2_Channel6_IRQHandler
                0x0000000008000fdc                TIM2_IRQHandler
                0x0000000008000fdc                EXTI1_IRQHandler
                0x0000000008000fdc                DFSDM1_FLT0_IRQHandler
                0x0000000008000fdc                I2C2_ER_IRQHandler
                0x0000000008000fdc                DMA1_Channel2_IRQHandler
                0x0000000008000fdc                TIM8_BRK_IRQHandler
                0x0000000008000fdc                CAN1_SCE_IRQHandler
                0x0000000008000fdc                FLASH_IRQHandler
                0x0000000008000fdc                USART1_IRQHandler
                0x0000000008000fdc                OTG_FS_IRQHandler
                0x0000000008000fdc                SPI3_IRQHandler
                0x0000000008000fdc                I2C1_ER_IRQHandler
                0x0000000008000fdc                FMC_IRQHandler
                0x0000000008000fdc                SWPMI1_IRQHandler
                0x0000000008000fdc                LPTIM1_IRQHandler
                0x0000000008000fdc                SAI1_IRQHandler
                0x0000000008000fdc                DMA2_Channel3_IRQHandler
                0x0000000008000fdc                TIM1_BRK_TIM15_IRQHandler
 *fill*         0x0000000008000fde        0x2 
 .text.HAL_Init
                0x0000000008000fe0       0x40 ./Drivers/STM32L4xx_HAL_Driver/Src/stm32l4xx_hal.o
                0x0000000008000fe0                HAL_Init
 .text.HAL_InitTick
                0x0000000008001020       0x78 ./Drivers/STM32L4xx_HAL_Driver/Src/stm32l4xx_hal.o
                0x0000000008001020                HAL_InitTick
 .text.HAL_IncTick
                0x0000000008001098       0x28 ./Drivers/STM32L4xx_HAL_Driver/Src/stm32l4xx_hal.o
                0x0000000008001098                HAL_IncTick
 .text.HAL_GetTick
                0x00000000080010c0       0x18 ./Drivers/STM32L4xx_HAL_Driver/Src/stm32l4xx_hal.o
                0x00000000080010c0                HAL_GetTick
 .text.HAL_Delay
                0x00000000080010d8       0x48 ./Drivers/STM32L4xx_HAL_Driver/Src/stm32l4xx_hal.o
                0x00000000080010d8                HAL_Delay
 .text.LL_ADC_SetCommonClock
                0x0000000008001120       0x26 ./Drivers/STM32L4xx_HAL_Driver/Src/stm32l4xx_hal_adc.o
 .text.LL_ADC_SetCommonPathInternalCh
                0x0000000008001146       0x26 ./Drivers/STM32L4xx_HAL_Driver/Src/stm32l4xx_hal_adc.o
 .text.LL_ADC_GetCommonPathInternalCh
                0x000000000800116c       0x1c ./Drivers/STM32L4xx_HAL_Driver/Src/stm32l4xx_hal_adc.o
 .text.LL_ADC_SetOffset
                0x0000000008001188       0x48 ./Drivers/STM32L4xx_HAL_Driver/Src/stm32l4xx_hal_adc.o
 .text.LL_ADC_GetOffsetChannel
                0x00000000080011d0       0x2c ./Drivers/STM32L4xx_HAL_Driver/Src/stm32l4xx_hal_adc.o
 .text.LL_ADC_SetOffsetState
                0x00000000080011fc       0x36 ./Drivers/STM32L4xx_HAL_Driver/Src/stm32l4xx_hal_adc.o
 .text.LL_ADC_REG_IsTriggerSourceSWStart
                0x0000000008001232       0x26 ./Drivers/STM32L4xx_HAL_Driver/Src/stm32l4xx_hal_adc.o
 .text.LL_ADC_REG_SetSequencerRanks
                0x0000000008001258       0x58 ./Drivers/STM32L4xx_HAL_Driver/Src/stm32l4xx_hal_adc.o
 .text.LL_ADC_INJ_IsTriggerSourceSWStart
                0x00000000080012b0       0x26 ./Drivers/STM32L4xx_HAL_Driver/Src/stm32l4xx_hal_adc.o
 .text.LL_ADC_SetChannelSamplingTime
                0x00000000080012d6       0x56 ./Drivers/STM32L4xx_HAL_Driver/Src/stm32l4xx_hal_adc.o
 .text.LL_ADC_SetChannelSingleDiff
                0x000000000800132c       0x48 ./Drivers/STM32L4xx_HAL_Driver/Src/stm32l4xx_hal_adc.o
 .text.LL_ADC_GetMultimode
                0x0000000008001374       0x1c ./Drivers/STM32L4xx_HAL_Driver/Src/stm32l4xx_hal_adc.o
 .text.LL_ADC_GetMultiDMATransfer
                0x0000000008001390       0x1c ./Drivers/STM32L4xx_HAL_Driver/Src/stm32l4xx_hal_adc.o
 .text.LL_ADC_DisableDeepPowerDown
                0x00000000080013ac       0x24 ./Drivers/STM32L4xx_HAL_Driver/Src/stm32l4xx_hal_adc.o
 .text.LL_ADC_IsDeepPowerDownEnabled
                0x00000000080013d0       0x28 ./Drivers/STM32L4xx_HAL_Driver/Src/stm32l4xx_hal_adc.o
 .text.LL_ADC_EnableInternalRegulator
                0x00000000080013f8       0x28 ./Drivers/STM32L4xx_HAL_Driver/Src/stm32l4xx_hal_adc.o
 .text.LL_ADC_IsInternalRegulatorEnabled
                0x0000000008001420       0x28 ./Drivers/STM32L4xx_HAL_Driver/Src/stm32l4xx_hal_adc.o
 .text.LL_ADC_Enable
                0x0000000008001448       0x28 ./Drivers/STM32L4xx_HAL_Driver/Src/stm32l4xx_hal_adc.o
 .text.LL_ADC_IsEnabled
                0x0000000008001470       0x26 ./Drivers/STM32L4xx_HAL_Driver/Src/stm32l4xx_hal_adc.o
 .text.LL_ADC_REG_StartConversion
                0x0000000008001496       0x28 ./Drivers/STM32L4xx_HAL_Driver/Src/stm32l4xx_hal_adc.o
 .text.LL_ADC_REG_IsConversionOngoing
                0x00000000080014be       0x26 ./Drivers/STM32L4xx_HAL_Driver/Src/stm32l4xx_hal_adc.o
 .text.LL_ADC_INJ_IsConversionOngoing
                0x00000000080014e4       0x26 ./Drivers/STM32L4xx_HAL_Driver/Src/stm32l4xx_hal_adc.o
 *fill*         0x000000000800150a        0x2 
 .text.HAL_ADC_Init
                0x000000000800150c      0x2a0 ./Drivers/STM32L4xx_HAL_Driver/Src/stm32l4xx_hal_adc.o
                0x000000000800150c                HAL_ADC_Init
 .text.HAL_ADC_Start_IT
                0x00000000080017ac      0x25c ./Drivers/STM32L4xx_HAL_Driver/Src/stm32l4xx_hal_adc.o
                0x00000000080017ac                HAL_ADC_Start_IT
 .text.HAL_ADC_GetValue
                0x0000000008001a08       0x1a ./Drivers/STM32L4xx_HAL_Driver/Src/stm32l4xx_hal_adc.o
                0x0000000008001a08                HAL_ADC_GetValue
 *fill*         0x0000000008001a22        0x2 
 .text.HAL_ADC_IRQHandler
                0x0000000008001a24      0x434 ./Drivers/STM32L4xx_HAL_Driver/Src/stm32l4xx_hal_adc.o
                0x0000000008001a24                HAL_ADC_IRQHandler
 .text.HAL_ADC_LevelOutOfWindowCallback
                0x0000000008001e58       0x14 ./Drivers/STM32L4xx_HAL_Driver/Src/stm32l4xx_hal_adc.o
                0x0000000008001e58                HAL_ADC_LevelOutOfWindowCallback
 .text.HAL_ADC_ErrorCallback
                0x0000000008001e6c       0x14 ./Drivers/STM32L4xx_HAL_Driver/Src/stm32l4xx_hal_adc.o
                0x0000000008001e6c                HAL_ADC_ErrorCallback
 .text.HAL_ADC_ConfigChannel
                0x0000000008001e80      0x7e4 ./Drivers/STM32L4xx_HAL_Driver/Src/stm32l4xx_hal_adc.o
                0x0000000008001e80                HAL_ADC_ConfigChannel
 .text.ADC_Enable
                0x0000000008002664      0x10c ./Drivers/STM32L4xx_HAL_Driver/Src/stm32l4xx_hal_adc.o
                0x0000000008002664                ADC_Enable
 .text.LL_ADC_IsEnabled
                0x0000000008002770       0x26 ./Drivers/STM32L4xx_HAL_Driver/Src/stm32l4xx_hal_adc_ex.o
 .text.LL_ADC_REG_IsConversionOngoing
                0x0000000008002796       0x26 ./Drivers/STM32L4xx_HAL_Driver/Src/stm32l4xx_hal_adc_ex.o
 .text.HAL_ADCEx_InjectedConvCpltCallback
                0x00000000080027bc       0x14 ./Drivers/STM32L4xx_HAL_Driver/Src/stm32l4xx_hal_adc_ex.o
                0x00000000080027bc                HAL_ADCEx_InjectedConvCpltCallback
 .text.HAL_ADCEx_InjectedQueueOverflowCallback
                0x00000000080027d0       0x14 ./Drivers/STM32L4xx_HAL_Driver/Src/stm32l4xx_hal_adc_ex.o
                0x00000000080027d0                HAL_ADCEx_InjectedQueueOverflowCallback
 .text.HAL_ADCEx_LevelOutOfWindow2Callback
                0x00000000080027e4       0x14 ./Drivers/STM32L4xx_HAL_Driver/Src/stm32l4xx_hal_adc_ex.o
                0x00000000080027e4                HAL_ADCEx_LevelOutOfWindow2Callback
 .text.HAL_ADCEx_LevelOutOfWindow3Callback
                0x00000000080027f8       0x14 ./Drivers/STM32L4xx_HAL_Driver/Src/stm32l4xx_hal_adc_ex.o
                0x00000000080027f8                HAL_ADCEx_LevelOutOfWindow3Callback
 .text.HAL_ADCEx_EndOfSamplingCallback
                0x000000000800280c       0x14 ./Drivers/STM32L4xx_HAL_Driver/Src/stm32l4xx_hal_adc_ex.o
                0x000000000800280c                HAL_ADCEx_EndOfSamplingCallback
 .text.HAL_ADCEx_MultiModeConfigChannel
                0x0000000008002820      0x160 ./Drivers/STM32L4xx_HAL_Driver/Src/stm32l4xx_hal_adc_ex.o
                0x0000000008002820                HAL_ADCEx_MultiModeConfigChannel
 .text.__NVIC_SetPriorityGrouping
                0x0000000008002980       0x48 ./Drivers/STM32L4xx_HAL_Driver/Src/stm32l4xx_hal_cortex.o
 .text.__NVIC_GetPriorityGrouping
                0x00000000080029c8       0x1c ./Drivers/STM32L4xx_HAL_Driver/Src/stm32l4xx_hal_cortex.o
 .text.__NVIC_EnableIRQ
                0x00000000080029e4       0x3c ./Drivers/STM32L4xx_HAL_Driver/Src/stm32l4xx_hal_cortex.o
 .text.__NVIC_SetPriority
                0x0000000008002a20       0x54 ./Drivers/STM32L4xx_HAL_Driver/Src/stm32l4xx_hal_cortex.o
 .text.NVIC_EncodePriority
                0x0000000008002a74       0x66 ./Drivers/STM32L4xx_HAL_Driver/Src/stm32l4xx_hal_cortex.o
 *fill*         0x0000000008002ada        0x2 
 .text.SysTick_Config
                0x0000000008002adc       0x44 ./Drivers/STM32L4xx_HAL_Driver/Src/stm32l4xx_hal_cortex.o
 .text.HAL_NVIC_SetPriorityGrouping
                0x0000000008002b20       0x16 ./Drivers/STM32L4xx_HAL_Driver/Src/stm32l4xx_hal_cortex.o
                0x0000000008002b20                HAL_NVIC_SetPriorityGrouping
 .text.HAL_NVIC_SetPriority
                0x0000000008002b36       0x38 ./Drivers/STM32L4xx_HAL_Driver/Src/stm32l4xx_hal_cortex.o
                0x0000000008002b36                HAL_NVIC_SetPriority
 .text.HAL_NVIC_EnableIRQ
                0x0000000008002b6e       0x1c ./Drivers/STM32L4xx_HAL_Driver/Src/stm32l4xx_hal_cortex.o
                0x0000000008002b6e                HAL_NVIC_EnableIRQ
 .text.HAL_SYSTICK_Config
                0x0000000008002b8a       0x18 ./Drivers/STM32L4xx_HAL_Driver/Src/stm32l4xx_hal_cortex.o
                0x0000000008002b8a                HAL_SYSTICK_Config
 *fill*         0x0000000008002ba2        0x2 
 .text.HAL_DMA_Init
                0x0000000008002ba4      0x170 ./Drivers/STM32L4xx_HAL_Driver/Src/stm32l4xx_hal_dma.o
                0x0000000008002ba4                HAL_DMA_Init
 .text.HAL_DMA_Abort
                0x0000000008002d14       0x7c ./Drivers/STM32L4xx_HAL_Driver/Src/stm32l4xx_hal_dma.o
                0x0000000008002d14                HAL_DMA_Abort
 .text.HAL_DMA_Abort_IT
                0x0000000008002d90       0x82 ./Drivers/STM32L4xx_HAL_Driver/Src/stm32l4xx_hal_dma.o
                0x0000000008002d90                HAL_DMA_Abort_IT
 .text.HAL_DMA_IRQHandler
                0x0000000008002e12      0x15e ./Drivers/STM32L4xx_HAL_Driver/Src/stm32l4xx_hal_dma.o
                0x0000000008002e12                HAL_DMA_IRQHandler
 .text.HAL_GPIO_Init
                0x0000000008002f70      0x354 ./Drivers/STM32L4xx_HAL_Driver/Src/stm32l4xx_hal_gpio.o
                0x0000000008002f70                HAL_GPIO_Init
 .text.HAL_GPIO_WritePin
                0x00000000080032c4       0x30 ./Drivers/STM32L4xx_HAL_Driver/Src/stm32l4xx_hal_gpio.o
                0x00000000080032c4                HAL_GPIO_WritePin
 .text.HAL_GPIO_TogglePin
                0x00000000080032f4       0x34 ./Drivers/STM32L4xx_HAL_Driver/Src/stm32l4xx_hal_gpio.o
                0x00000000080032f4                HAL_GPIO_TogglePin
 .text.HAL_PWREx_GetVoltageRange
                0x0000000008003328       0x1c ./Drivers/STM32L4xx_HAL_Driver/Src/stm32l4xx_hal_pwr_ex.o
                0x0000000008003328                HAL_PWREx_GetVoltageRange
 .text.HAL_PWREx_ControlVoltageScaling
                0x0000000008003344       0xac ./Drivers/STM32L4xx_HAL_Driver/Src/stm32l4xx_hal_pwr_ex.o
                0x0000000008003344                HAL_PWREx_ControlVoltageScaling
 .text.HAL_RCC_OscConfig
                0x00000000080033f0      0x7b8 ./Drivers/STM32L4xx_HAL_Driver/Src/stm32l4xx_hal_rcc.o
                0x00000000080033f0                HAL_RCC_OscConfig
 .text.HAL_RCC_ClockConfig
                0x0000000008003ba8      0x200 ./Drivers/STM32L4xx_HAL_Driver/Src/stm32l4xx_hal_rcc.o
                0x0000000008003ba8                HAL_RCC_ClockConfig
 .text.HAL_RCC_GetSysClockFreq
                0x0000000008003da8      0x118 ./Drivers/STM32L4xx_HAL_Driver/Src/stm32l4xx_hal_rcc.o
                0x0000000008003da8                HAL_RCC_GetSysClockFreq
 .text.HAL_RCC_GetHCLKFreq
                0x0000000008003ec0       0x18 ./Drivers/STM32L4xx_HAL_Driver/Src/stm32l4xx_hal_rcc.o
                0x0000000008003ec0                HAL_RCC_GetHCLKFreq
 .text.HAL_RCC_GetPCLK1Freq
                0x0000000008003ed8       0x2c ./Drivers/STM32L4xx_HAL_Driver/Src/stm32l4xx_hal_rcc.o
                0x0000000008003ed8                HAL_RCC_GetPCLK1Freq
 .text.HAL_RCC_GetPCLK2Freq
                0x0000000008003f04       0x2c ./Drivers/STM32L4xx_HAL_Driver/Src/stm32l4xx_hal_rcc.o
                0x0000000008003f04                HAL_RCC_GetPCLK2Freq
 .text.RCC_SetFlashLatencyFromMSIRange
                0x0000000008003f30       0xc0 ./Drivers/STM32L4xx_HAL_Driver/Src/stm32l4xx_hal_rcc.o
 .text.HAL_RCCEx_PeriphCLKConfig
                0x0000000008003ff0      0x5d4 ./Drivers/STM32L4xx_HAL_Driver/Src/stm32l4xx_hal_rcc_ex.o
                0x0000000008003ff0                HAL_RCCEx_PeriphCLKConfig
 .text.RCCEx_PLLSAI1_Config
                0x00000000080045c4      0x1e8 ./Drivers/STM32L4xx_HAL_Driver/Src/stm32l4xx_hal_rcc_ex.o
 .text.RCCEx_PLLSAI2_Config
                0x00000000080047ac      0x1bc ./Drivers/STM32L4xx_HAL_Driver/Src/stm32l4xx_hal_rcc_ex.o
 .text.HAL_UART_Init
                0x0000000008004968       0x9c ./Drivers/STM32L4xx_HAL_Driver/Src/stm32l4xx_hal_uart.o
                0x0000000008004968                HAL_UART_Init
 .text.HAL_UART_Transmit_IT
                0x0000000008004a04       0xbc ./Drivers/STM32L4xx_HAL_Driver/Src/stm32l4xx_hal_uart.o
                0x0000000008004a04                HAL_UART_Transmit_IT
 .text.HAL_UART_Receive_IT
                0x0000000008004ac0       0x98 ./Drivers/STM32L4xx_HAL_Driver/Src/stm32l4xx_hal_uart.o
                0x0000000008004ac0                HAL_UART_Receive_IT
 .text.HAL_UART_IRQHandler
                0x0000000008004b58      0x5d4 ./Drivers/STM32L4xx_HAL_Driver/Src/stm32l4xx_hal_uart.o
                0x0000000008004b58                HAL_UART_IRQHandler
 .text.HAL_UART_ErrorCallback
                0x000000000800512c       0x14 ./Drivers/STM32L4xx_HAL_Driver/Src/stm32l4xx_hal_uart.o
                0x000000000800512c                HAL_UART_ErrorCallback
 .text.HAL_UARTEx_RxEventCallback
                0x0000000008005140       0x18 ./Drivers/STM32L4xx_HAL_Driver/Src/stm32l4xx_hal_uart.o
                0x0000000008005140                HAL_UARTEx_RxEventCallback
 .text.UART_SetConfig
                0x0000000008005158      0x570 ./Drivers/STM32L4xx_HAL_Driver/Src/stm32l4xx_hal_uart.o
                0x0000000008005158                UART_SetConfig
 .text.UART_AdvFeatureConfig
                0x00000000080056c8      0x144 ./Drivers/STM32L4xx_HAL_Driver/Src/stm32l4xx_hal_uart.o
                0x00000000080056c8                UART_AdvFeatureConfig
 .text.UART_CheckIdleState
                0x000000000800580c      0x150 ./Drivers/STM32L4xx_HAL_Driver/Src/stm32l4xx_hal_uart.o
                0x000000000800580c                UART_CheckIdleState
 .text.UART_WaitOnFlagUntilTimeout
                0x000000000800595c       0xce ./Drivers/STM32L4xx_HAL_Driver/Src/stm32l4xx_hal_uart.o
                0x000000000800595c                UART_WaitOnFlagUntilTimeout
 *fill*         0x0000000008005a2a        0x2 
 .text.UART_Start_Receive_IT
                0x0000000008005a2c      0x18c ./Drivers/STM32L4xx_HAL_Driver/Src/stm32l4xx_hal_uart.o
                0x0000000008005a2c                UART_Start_Receive_IT
 .text.UART_EndRxTransfer
                0x0000000008005bb8       0xc8 ./Drivers/STM32L4xx_HAL_Driver/Src/stm32l4xx_hal_uart.o
 .text.UART_DMAAbortOnError
                0x0000000008005c80       0x2c ./Drivers/STM32L4xx_HAL_Driver/Src/stm32l4xx_hal_uart.o
 .text.UART_TxISR_8BIT
                0x0000000008005cac       0xb8 ./Drivers/STM32L4xx_HAL_Driver/Src/stm32l4xx_hal_uart.o
 .text.UART_TxISR_16BIT
                0x0000000008005d64       0xc0 ./Drivers/STM32L4xx_HAL_Driver/Src/stm32l4xx_hal_uart.o
 .text.UART_EndTransmit_IT
                0x0000000008005e24       0x54 ./Drivers/STM32L4xx_HAL_Driver/Src/stm32l4xx_hal_uart.o
 .text.UART_RxISR_8BIT
                0x0000000008005e78      0x1bc ./Drivers/STM32L4xx_HAL_Driver/Src/stm32l4xx_hal_uart.o
 .text.UART_RxISR_16BIT
                0x0000000008006034      0x1bc ./Drivers/STM32L4xx_HAL_Driver/Src/stm32l4xx_hal_uart.o
 .text.HAL_UARTEx_WakeupCallback
                0x00000000080061f0       0x14 ./Drivers/STM32L4xx_HAL_Driver/Src/stm32l4xx_hal_uart_ex.o
                0x00000000080061f0                HAL_UARTEx_WakeupCallback
 .text.memset   0x0000000008006204       0x10 C:/Users/Badda Bing/Programmering/STM32/STM32CubeIDE_1.13.2/STM32CubeIDE/plugins/com.st.stm32cube.ide.mcu.externaltools.gnu-tools-for-stm32.11.3.rel1.win32_1.1.100.202309141235/tools/bin/../lib/gcc/arm-none-eabi/11.3.1/../../../../arm-none-eabi/lib/thumb/v7e-m+fp/hard\libc_nano.a(libc_a-memset.o)
                0x0000000008006204                memset
 .text.__libc_init_array
                0x0000000008006214       0x48 C:/Users/Badda Bing/Programmering/STM32/STM32CubeIDE_1.13.2/STM32CubeIDE/plugins/com.st.stm32cube.ide.mcu.externaltools.gnu-tools-for-stm32.11.3.rel1.win32_1.1.100.202309141235/tools/bin/../lib/gcc/arm-none-eabi/11.3.1/../../../../arm-none-eabi/lib/thumb/v7e-m+fp/hard\libc_nano.a(libc_a-init.o)
                0x0000000008006214                __libc_init_array
 *(.glue_7)
 .glue_7        0x000000000800625c        0x0 linker stubs
 *(.glue_7t)
 .glue_7t       0x000000000800625c        0x0 linker stubs
 *(.eh_frame)
 .eh_frame      0x000000000800625c        0x0 C:/Users/Badda Bing/Programmering/STM32/STM32CubeIDE_1.13.2/STM32CubeIDE/plugins/com.st.stm32cube.ide.mcu.externaltools.gnu-tools-for-stm32.11.3.rel1.win32_1.1.100.202309141235/tools/bin/../lib/gcc/arm-none-eabi/11.3.1/thumb/v7e-m+fp/hard/crtbegin.o
 *(.init)
 .init          0x000000000800625c        0x4 C:/Users/Badda Bing/Programmering/STM32/STM32CubeIDE_1.13.2/STM32CubeIDE/plugins/com.st.stm32cube.ide.mcu.externaltools.gnu-tools-for-stm32.11.3.rel1.win32_1.1.100.202309141235/tools/bin/../lib/gcc/arm-none-eabi/11.3.1/thumb/v7e-m+fp/hard/crti.o
                0x000000000800625c                _init
 .init          0x0000000008006260        0x8 C:/Users/Badda Bing/Programmering/STM32/STM32CubeIDE_1.13.2/STM32CubeIDE/plugins/com.st.stm32cube.ide.mcu.externaltools.gnu-tools-for-stm32.11.3.rel1.win32_1.1.100.202309141235/tools/bin/../lib/gcc/arm-none-eabi/11.3.1/thumb/v7e-m+fp/hard/crtn.o
 *(.fini)
 .fini          0x0000000008006268        0x4 C:/Users/Badda Bing/Programmering/STM32/STM32CubeIDE_1.13.2/STM32CubeIDE/plugins/com.st.stm32cube.ide.mcu.externaltools.gnu-tools-for-stm32.11.3.rel1.win32_1.1.100.202309141235/tools/bin/../lib/gcc/arm-none-eabi/11.3.1/thumb/v7e-m+fp/hard/crti.o
                0x0000000008006268                _fini
 .fini          0x000000000800626c        0x8 C:/Users/Badda Bing/Programmering/STM32/STM32CubeIDE_1.13.2/STM32CubeIDE/plugins/com.st.stm32cube.ide.mcu.externaltools.gnu-tools-for-stm32.11.3.rel1.win32_1.1.100.202309141235/tools/bin/../lib/gcc/arm-none-eabi/11.3.1/thumb/v7e-m+fp/hard/crtn.o
                0x0000000008006274                . = ALIGN (0x4)
                0x0000000008006274                _etext = .

.vfp11_veneer   0x0000000008006274        0x0
 .vfp11_veneer  0x0000000008006274        0x0 linker stubs

.v4_bx          0x0000000008006274        0x0
 .v4_bx         0x0000000008006274        0x0 linker stubs

.iplt           0x0000000008006274        0x0
 .iplt          0x0000000008006274        0x0 C:/Users/Badda Bing/Programmering/STM32/STM32CubeIDE_1.13.2/STM32CubeIDE/plugins/com.st.stm32cube.ide.mcu.externaltools.gnu-tools-for-stm32.11.3.rel1.win32_1.1.100.202309141235/tools/bin/../lib/gcc/arm-none-eabi/11.3.1/thumb/v7e-m+fp/hard/crtbegin.o

.rodata         0x0000000008006274       0x48
                0x0000000008006274                . = ALIGN (0x4)
 *(.rodata)
 *(.rodata*)
 .rodata.AHBPrescTable
                0x0000000008006274       0x10 ./Core/Src/system_stm32l4xx.o
                0x0000000008006274                AHBPrescTable
 .rodata.APBPrescTable
                0x0000000008006284        0x8 ./Core/Src/system_stm32l4xx.o
                0x0000000008006284                APBPrescTable
 .rodata.MSIRangeTable
                0x000000000800628c       0x30 ./Core/Src/system_stm32l4xx.o
                0x000000000800628c                MSIRangeTable
                0x00000000080062bc                . = ALIGN (0x4)

.ARM.extab      0x00000000080062bc        0x0
                0x00000000080062bc                . = ALIGN (0x4)
 *(.ARM.extab* .gnu.linkonce.armextab.*)
                0x00000000080062bc                . = ALIGN (0x4)

.ARM            0x00000000080062bc        0x8
                0x00000000080062bc                . = ALIGN (0x4)
                0x00000000080062bc                __exidx_start = .
 *(.ARM.exidx*)
 .ARM.exidx     0x00000000080062bc        0x8 C:/Users/Badda Bing/Programmering/STM32/STM32CubeIDE_1.13.2/STM32CubeIDE/plugins/com.st.stm32cube.ide.mcu.externaltools.gnu-tools-for-stm32.11.3.rel1.win32_1.1.100.202309141235/tools/bin/../lib/gcc/arm-none-eabi/11.3.1/thumb/v7e-m+fp/hard\libgcc.a(_udivmoddi4.o)
                0x00000000080062c4                __exidx_end = .
                0x00000000080062c4                . = ALIGN (0x4)

.rel.dyn        0x00000000080062c4        0x0
 .rel.iplt      0x00000000080062c4        0x0 C:/Users/Badda Bing/Programmering/STM32/STM32CubeIDE_1.13.2/STM32CubeIDE/plugins/com.st.stm32cube.ide.mcu.externaltools.gnu-tools-for-stm32.11.3.rel1.win32_1.1.100.202309141235/tools/bin/../lib/gcc/arm-none-eabi/11.3.1/thumb/v7e-m+fp/hard/crtbegin.o

.preinit_array  0x00000000080062c4        0x0
                0x00000000080062c4                . = ALIGN (0x4)
                0x00000000080062c4                PROVIDE (__preinit_array_start = .)
 *(.preinit_array*)
                0x00000000080062c4                PROVIDE (__preinit_array_end = .)
                0x00000000080062c4                . = ALIGN (0x4)

.init_array     0x00000000080062c4        0x4
                0x00000000080062c4                . = ALIGN (0x4)
                0x00000000080062c4                PROVIDE (__init_array_start = .)
 *(SORT_BY_NAME(.init_array.*))
 *(.init_array*)
 .init_array    0x00000000080062c4        0x4 C:/Users/Badda Bing/Programmering/STM32/STM32CubeIDE_1.13.2/STM32CubeIDE/plugins/com.st.stm32cube.ide.mcu.externaltools.gnu-tools-for-stm32.11.3.rel1.win32_1.1.100.202309141235/tools/bin/../lib/gcc/arm-none-eabi/11.3.1/thumb/v7e-m+fp/hard/crtbegin.o
                0x00000000080062c8                PROVIDE (__init_array_end = .)
                0x00000000080062c8                . = ALIGN (0x4)

.fini_array     0x00000000080062c8        0x4
                0x00000000080062c8                . = ALIGN (0x4)
                [!provide]                        PROVIDE (__fini_array_start = .)
 *(SORT_BY_NAME(.fini_array.*))
 *(.fini_array*)
 .fini_array    0x00000000080062c8        0x4 C:/Users/Badda Bing/Programmering/STM32/STM32CubeIDE_1.13.2/STM32CubeIDE/plugins/com.st.stm32cube.ide.mcu.externaltools.gnu-tools-for-stm32.11.3.rel1.win32_1.1.100.202309141235/tools/bin/../lib/gcc/arm-none-eabi/11.3.1/thumb/v7e-m+fp/hard/crtbegin.o
                [!provide]                        PROVIDE (__fini_array_end = .)
                0x00000000080062cc                . = ALIGN (0x4)
                0x00000000080062cc                _sidata = LOADADDR (.data)

.data           0x0000000020000000        0xc load address 0x00000000080062cc
                0x0000000020000000                . = ALIGN (0x4)
                0x0000000020000000                _sdata = .
 *(.data)
 *(.data*)
 .data.SystemCoreClock
                0x0000000020000000        0x4 ./Core/Src/system_stm32l4xx.o
                0x0000000020000000                SystemCoreClock
 .data.uwTickPrio
                0x0000000020000004        0x4 ./Drivers/STM32L4xx_HAL_Driver/Src/stm32l4xx_hal.o
                0x0000000020000004                uwTickPrio
 .data.uwTickFreq
                0x0000000020000008        0x1 ./Drivers/STM32L4xx_HAL_Driver/Src/stm32l4xx_hal.o
                0x0000000020000008                uwTickFreq
 *(.RamFunc)
 *(.RamFunc*)
                0x000000002000000c                . = ALIGN (0x4)
 *fill*         0x0000000020000009        0x3 
                0x000000002000000c                _edata = .

.igot.plt       0x000000002000000c        0x0 load address 0x00000000080062d8
 .igot.plt      0x000000002000000c        0x0 C:/Users/Badda Bing/Programmering/STM32/STM32CubeIDE_1.13.2/STM32CubeIDE/plugins/com.st.stm32cube.ide.mcu.externaltools.gnu-tools-for-stm32.11.3.rel1.win32_1.1.100.202309141235/tools/bin/../lib/gcc/arm-none-eabi/11.3.1/thumb/v7e-m+fp/hard/crtbegin.o
                0x000000002000000c                . = ALIGN (0x4)

.bss            0x000000002000000c      0x228 load address 0x00000000080062d8
                0x000000002000000c                _sbss = .
                0x000000002000000c                __bss_start__ = _sbss
 *(.bss)
 .bss           0x000000002000000c       0x1c C:/Users/Badda Bing/Programmering/STM32/STM32CubeIDE_1.13.2/STM32CubeIDE/plugins/com.st.stm32cube.ide.mcu.externaltools.gnu-tools-for-stm32.11.3.rel1.win32_1.1.100.202309141235/tools/bin/../lib/gcc/arm-none-eabi/11.3.1/thumb/v7e-m+fp/hard/crtbegin.o
 *(.bss*)
 .bss.hadc1     0x0000000020000028       0x64 ./Core/Src/main.o
                0x0000000020000028                hadc1
 .bss.hadc2     0x000000002000008c       0x64 ./Core/Src/main.o
                0x000000002000008c                hadc2
 .bss.huart2    0x00000000200000f0       0x88 ./Core/Src/main.o
                0x00000000200000f0                huart2
 .bss.hdma_usart2_rx
                0x0000000020000178       0x48 ./Core/Src/main.o
                0x0000000020000178                hdma_usart2_rx
 .bss.hdma_usart2_tx
                0x00000000200001c0       0x48 ./Core/Src/main.o
                0x00000000200001c0                hdma_usart2_tx
 .bss.UART_Rx_data
                0x0000000020000208        0x8 ./Core/Src/main.o
                0x0000000020000208                UART_Rx_data
 .bss.UART_Tx_data
                0x0000000020000210        0xc ./Core/Src/main.o
                0x0000000020000210                UART_Tx_data
 .bss.adc1_value
                0x000000002000021c        0x4 ./Core/Src/main.o
                0x000000002000021c                adc1_value
 .bss.adc1_valid
                0x0000000020000220        0x1 ./Core/Src/main.o
                0x0000000020000220                adc1_valid
 *fill*         0x0000000020000221        0x3 
 .bss.adc2_value
                0x0000000020000224        0x4 ./Core/Src/main.o
                0x0000000020000224                adc2_value
 .bss.adc2_valid
                0x0000000020000228        0x1 ./Core/Src/main.o
                0x0000000020000228                adc2_valid
 *fill*         0x0000000020000229        0x3 
 .bss.HAL_RCC_ADC_CLK_ENABLED
                0x000000002000022c        0x4 ./Core/Src/stm32l4xx_hal_msp.o
 .bss.uwTick    0x0000000020000230        0x4 ./Drivers/STM32L4xx_HAL_Driver/Src/stm32l4xx_hal.o
                0x0000000020000230                uwTick
 *(COMMON)
                0x0000000020000234                . = ALIGN (0x4)
                0x0000000020000234                _ebss = .
                0x0000000020000234                __bss_end__ = _ebss

._user_heap_stack
                0x0000000020000234      0x604 load address 0x00000000080062d8
                0x0000000020000238                . = ALIGN (0x8)
 *fill*         0x0000000020000234        0x4 
                [!provide]                        PROVIDE (end = .)
                0x0000000020000238                PROVIDE (_end = .)
                0x0000000020000438                . = (. + _Min_Heap_Size)
 *fill*         0x0000000020000238      0x200 
                0x0000000020000838                . = (. + _Min_Stack_Size)
 *fill*         0x0000000020000438      0x400 
                0x0000000020000838                . = ALIGN (0x8)

/DISCARD/
 libc.a(*)
 libm.a(*)
 libgcc.a(*)

.ARM.attributes
                0x0000000000000000       0x30
 *(.ARM.attributes)
 .ARM.attributes
                0x0000000000000000       0x1e C:/Users/Badda Bing/Programmering/STM32/STM32CubeIDE_1.13.2/STM32CubeIDE/plugins/com.st.stm32cube.ide.mcu.externaltools.gnu-tools-for-stm32.11.3.rel1.win32_1.1.100.202309141235/tools/bin/../lib/gcc/arm-none-eabi/11.3.1/thumb/v7e-m+fp/hard/crti.o
 .ARM.attributes
                0x000000000000001e       0x34 C:/Users/Badda Bing/Programmering/STM32/STM32CubeIDE_1.13.2/STM32CubeIDE/plugins/com.st.stm32cube.ide.mcu.externaltools.gnu-tools-for-stm32.11.3.rel1.win32_1.1.100.202309141235/tools/bin/../lib/gcc/arm-none-eabi/11.3.1/thumb/v7e-m+fp/hard/crtbegin.o
 .ARM.attributes
                0x0000000000000052       0x34 ./Core/Src/main.o
 .ARM.attributes
                0x0000000000000086       0x34 ./Core/Src/stm32l4xx_hal_msp.o
 .ARM.attributes
                0x00000000000000ba       0x34 ./Core/Src/stm32l4xx_it.o
 .ARM.attributes
                0x00000000000000ee       0x34 ./Core/Src/system_stm32l4xx.o
 .ARM.attributes
                0x0000000000000122       0x21 ./Core/Startup/startup_stm32l476rgtx.o
 .ARM.attributes
                0x0000000000000143       0x34 ./Drivers/STM32L4xx_HAL_Driver/Src/stm32l4xx_hal.o
 .ARM.attributes
                0x0000000000000177       0x34 ./Drivers/STM32L4xx_HAL_Driver/Src/stm32l4xx_hal_adc.o
 .ARM.attributes
                0x00000000000001ab       0x34 ./Drivers/STM32L4xx_HAL_Driver/Src/stm32l4xx_hal_adc_ex.o
 .ARM.attributes
                0x00000000000001df       0x34 ./Drivers/STM32L4xx_HAL_Driver/Src/stm32l4xx_hal_cortex.o
 .ARM.attributes
                0x0000000000000213       0x34 ./Drivers/STM32L4xx_HAL_Driver/Src/stm32l4xx_hal_dma.o
 .ARM.attributes
                0x0000000000000247       0x34 ./Drivers/STM32L4xx_HAL_Driver/Src/stm32l4xx_hal_gpio.o
 .ARM.attributes
                0x000000000000027b       0x34 ./Drivers/STM32L4xx_HAL_Driver/Src/stm32l4xx_hal_pwr_ex.o
 .ARM.attributes
                0x00000000000002af       0x34 ./Drivers/STM32L4xx_HAL_Driver/Src/stm32l4xx_hal_rcc.o
 .ARM.attributes
                0x00000000000002e3       0x34 ./Drivers/STM32L4xx_HAL_Driver/Src/stm32l4xx_hal_rcc_ex.o
 .ARM.attributes
                0x0000000000000317       0x34 ./Drivers/STM32L4xx_HAL_Driver/Src/stm32l4xx_hal_uart.o
 .ARM.attributes
                0x000000000000034b       0x34 ./Drivers/STM32L4xx_HAL_Driver/Src/stm32l4xx_hal_uart_ex.o
 .ARM.attributes
                0x000000000000037f       0x34 C:/Users/Badda Bing/Programmering/STM32/STM32CubeIDE_1.13.2/STM32CubeIDE/plugins/com.st.stm32cube.ide.mcu.externaltools.gnu-tools-for-stm32.11.3.rel1.win32_1.1.100.202309141235/tools/bin/../lib/gcc/arm-none-eabi/11.3.1/../../../../arm-none-eabi/lib/thumb/v7e-m+fp/hard\libc_nano.a(libc_a-memset.o)
 .ARM.attributes
                0x00000000000003b3       0x34 C:/Users/Badda Bing/Programmering/STM32/STM32CubeIDE_1.13.2/STM32CubeIDE/plugins/com.st.stm32cube.ide.mcu.externaltools.gnu-tools-for-stm32.11.3.rel1.win32_1.1.100.202309141235/tools/bin/../lib/gcc/arm-none-eabi/11.3.1/../../../../arm-none-eabi/lib/thumb/v7e-m+fp/hard\libc_nano.a(libc_a-init.o)
 .ARM.attributes
                0x00000000000003e7       0x1e C:/Users/Badda Bing/Programmering/STM32/STM32CubeIDE_1.13.2/STM32CubeIDE/plugins/com.st.stm32cube.ide.mcu.externaltools.gnu-tools-for-stm32.11.3.rel1.win32_1.1.100.202309141235/tools/bin/../lib/gcc/arm-none-eabi/11.3.1/thumb/v7e-m+fp/hard\libgcc.a(_aeabi_uldivmod.o)
 .ARM.attributes
                0x0000000000000405       0x34 C:/Users/Badda Bing/Programmering/STM32/STM32CubeIDE_1.13.2/STM32CubeIDE/plugins/com.st.stm32cube.ide.mcu.externaltools.gnu-tools-for-stm32.11.3.rel1.win32_1.1.100.202309141235/tools/bin/../lib/gcc/arm-none-eabi/11.3.1/thumb/v7e-m+fp/hard\libgcc.a(_udivmoddi4.o)
 .ARM.attributes
                0x0000000000000439       0x1e C:/Users/Badda Bing/Programmering/STM32/STM32CubeIDE_1.13.2/STM32CubeIDE/plugins/com.st.stm32cube.ide.mcu.externaltools.gnu-tools-for-stm32.11.3.rel1.win32_1.1.100.202309141235/tools/bin/../lib/gcc/arm-none-eabi/11.3.1/thumb/v7e-m+fp/hard\libgcc.a(_dvmd_tls.o)
 .ARM.attributes
                0x0000000000000457       0x1e C:/Users/Badda Bing/Programmering/STM32/STM32CubeIDE_1.13.2/STM32CubeIDE/plugins/com.st.stm32cube.ide.mcu.externaltools.gnu-tools-for-stm32.11.3.rel1.win32_1.1.100.202309141235/tools/bin/../lib/gcc/arm-none-eabi/11.3.1/thumb/v7e-m+fp/hard/crtn.o
OUTPUT(Open_loop_control.elf elf32-littlearm)
LOAD linker stubs
LOAD C:/Users/Badda Bing/Programmering/STM32/STM32CubeIDE_1.13.2/STM32CubeIDE/plugins/com.st.stm32cube.ide.mcu.externaltools.gnu-tools-for-stm32.11.3.rel1.win32_1.1.100.202309141235/tools/bin/../lib/gcc/arm-none-eabi/11.3.1/../../../../arm-none-eabi/lib/thumb/v7e-m+fp/hard\libc.a
LOAD C:/Users/Badda Bing/Programmering/STM32/STM32CubeIDE_1.13.2/STM32CubeIDE/plugins/com.st.stm32cube.ide.mcu.externaltools.gnu-tools-for-stm32.11.3.rel1.win32_1.1.100.202309141235/tools/bin/../lib/gcc/arm-none-eabi/11.3.1/../../../../arm-none-eabi/lib/thumb/v7e-m+fp/hard\libm.a
LOAD C:/Users/Badda Bing/Programmering/STM32/STM32CubeIDE_1.13.2/STM32CubeIDE/plugins/com.st.stm32cube.ide.mcu.externaltools.gnu-tools-for-stm32.11.3.rel1.win32_1.1.100.202309141235/tools/bin/../lib/gcc/arm-none-eabi/11.3.1/thumb/v7e-m+fp/hard\libgcc.a

.comment        0x0000000000000000       0x43
 .comment       0x0000000000000000       0x43 C:/Users/Badda Bing/Programmering/STM32/STM32CubeIDE_1.13.2/STM32CubeIDE/plugins/com.st.stm32cube.ide.mcu.externaltools.gnu-tools-for-stm32.11.3.rel1.win32_1.1.100.202309141235/tools/bin/../lib/gcc/arm-none-eabi/11.3.1/thumb/v7e-m+fp/hard/crtbegin.o
                                         0x44 (size before relaxing)
 .comment       0x0000000000000043       0x44 ./Core/Src/main.o
 .comment       0x0000000000000043       0x44 ./Core/Src/stm32l4xx_hal_msp.o
 .comment       0x0000000000000043       0x44 ./Core/Src/stm32l4xx_it.o
 .comment       0x0000000000000043       0x44 ./Core/Src/system_stm32l4xx.o
 .comment       0x0000000000000043       0x44 ./Drivers/STM32L4xx_HAL_Driver/Src/stm32l4xx_hal.o
 .comment       0x0000000000000043       0x44 ./Drivers/STM32L4xx_HAL_Driver/Src/stm32l4xx_hal_adc.o
 .comment       0x0000000000000043       0x44 ./Drivers/STM32L4xx_HAL_Driver/Src/stm32l4xx_hal_adc_ex.o
 .comment       0x0000000000000043       0x44 ./Drivers/STM32L4xx_HAL_Driver/Src/stm32l4xx_hal_cortex.o
 .comment       0x0000000000000043       0x44 ./Drivers/STM32L4xx_HAL_Driver/Src/stm32l4xx_hal_dma.o
 .comment       0x0000000000000043       0x44 ./Drivers/STM32L4xx_HAL_Driver/Src/stm32l4xx_hal_gpio.o
 .comment       0x0000000000000043       0x44 ./Drivers/STM32L4xx_HAL_Driver/Src/stm32l4xx_hal_pwr_ex.o
 .comment       0x0000000000000043       0x44 ./Drivers/STM32L4xx_HAL_Driver/Src/stm32l4xx_hal_rcc.o
 .comment       0x0000000000000043       0x44 ./Drivers/STM32L4xx_HAL_Driver/Src/stm32l4xx_hal_rcc_ex.o
 .comment       0x0000000000000043       0x44 ./Drivers/STM32L4xx_HAL_Driver/Src/stm32l4xx_hal_uart.o
 .comment       0x0000000000000043       0x44 ./Drivers/STM32L4xx_HAL_Driver/Src/stm32l4xx_hal_uart_ex.o

.debug_info     0x0000000000000000    0x10ecc
 .debug_info    0x0000000000000000     0x1add ./Core/Src/main.o
 .debug_info    0x0000000000001add     0x14c7 ./Core/Src/stm32l4xx_hal_msp.o
 .debug_info    0x0000000000002fa4      0xbad ./Core/Src/stm32l4xx_it.o
 .debug_info    0x0000000000003b51      0x5b1 ./Core/Src/system_stm32l4xx.o
 .debug_info    0x0000000000004102       0x23 ./Core/Startup/startup_stm32l476rgtx.o
 .debug_info    0x0000000000004125      0xc09 ./Drivers/STM32L4xx_HAL_Driver/Src/stm32l4xx_hal.o
 .debug_info    0x0000000000004d2e     0x1db8 ./Drivers/STM32L4xx_HAL_Driver/Src/stm32l4xx_hal_adc.o
 .debug_info    0x0000000000006ae6     0x1b24 ./Drivers/STM32L4xx_HAL_Driver/Src/stm32l4xx_hal_adc_ex.o
 .debug_info    0x000000000000860a      0xd4c ./Drivers/STM32L4xx_HAL_Driver/Src/stm32l4xx_hal_cortex.o
 .debug_info    0x0000000000009356      0x6f4 ./Drivers/STM32L4xx_HAL_Driver/Src/stm32l4xx_hal_dma.o
 .debug_info    0x0000000000009a4a      0x757 ./Drivers/STM32L4xx_HAL_Driver/Src/stm32l4xx_hal_gpio.o
 .debug_info    0x000000000000a1a1      0x99e ./Drivers/STM32L4xx_HAL_Driver/Src/stm32l4xx_hal_pwr_ex.o
 .debug_info    0x000000000000ab3f      0xc14 ./Drivers/STM32L4xx_HAL_Driver/Src/stm32l4xx_hal_rcc.o
 .debug_info    0x000000000000b753      0xe11 ./Drivers/STM32L4xx_HAL_Driver/Src/stm32l4xx_hal_rcc_ex.o
 .debug_info    0x000000000000c564     0x3b69 ./Drivers/STM32L4xx_HAL_Driver/Src/stm32l4xx_hal_uart.o
 .debug_info    0x00000000000100cd      0xdff ./Drivers/STM32L4xx_HAL_Driver/Src/stm32l4xx_hal_uart_ex.o

.debug_abbrev   0x0000000000000000     0x2371
 .debug_abbrev  0x0000000000000000      0x2b5 ./Core/Src/main.o
 .debug_abbrev  0x00000000000002b5      0x219 ./Core/Src/stm32l4xx_hal_msp.o
 .debug_abbrev  0x00000000000004ce      0x197 ./Core/Src/stm32l4xx_it.o
 .debug_abbrev  0x0000000000000665      0x11a ./Core/Src/system_stm32l4xx.o
 .debug_abbrev  0x000000000000077f       0x12 ./Core/Startup/startup_stm32l476rgtx.o
 .debug_abbrev  0x0000000000000791      0x243 ./Drivers/STM32L4xx_HAL_Driver/Src/stm32l4xx_hal.o
 .debug_abbrev  0x00000000000009d4      0x2de ./Drivers/STM32L4xx_HAL_Driver/Src/stm32l4xx_hal_adc.o
 .debug_abbrev  0x0000000000000cb2      0x2f1 ./Drivers/STM32L4xx_HAL_Driver/Src/stm32l4xx_hal_adc_ex.o
 .debug_abbrev  0x0000000000000fa3      0x327 ./Drivers/STM32L4xx_HAL_Driver/Src/stm32l4xx_hal_cortex.o
 .debug_abbrev  0x00000000000012ca      0x1e4 ./Drivers/STM32L4xx_HAL_Driver/Src/stm32l4xx_hal_dma.o
 .debug_abbrev  0x00000000000014ae      0x1cb ./Drivers/STM32L4xx_HAL_Driver/Src/stm32l4xx_hal_gpio.o
 .debug_abbrev  0x0000000000001679      0x1f9 ./Drivers/STM32L4xx_HAL_Driver/Src/stm32l4xx_hal_pwr_ex.o
 .debug_abbrev  0x0000000000001872      0x2cb ./Drivers/STM32L4xx_HAL_Driver/Src/stm32l4xx_hal_rcc.o
 .debug_abbrev  0x0000000000001b3d      0x2a6 ./Drivers/STM32L4xx_HAL_Driver/Src/stm32l4xx_hal_rcc_ex.o
 .debug_abbrev  0x0000000000001de3      0x2d0 ./Drivers/STM32L4xx_HAL_Driver/Src/stm32l4xx_hal_uart.o
 .debug_abbrev  0x00000000000020b3      0x2be ./Drivers/STM32L4xx_HAL_Driver/Src/stm32l4xx_hal_uart_ex.o

.debug_aranges  0x0000000000000000      0xdd8
 .debug_aranges
                0x0000000000000000       0x88 ./Core/Src/main.o
 .debug_aranges
                0x0000000000000088       0x40 ./Core/Src/stm32l4xx_hal_msp.o
 .debug_aranges
                0x00000000000000c8       0x80 ./Core/Src/stm32l4xx_it.o
 .debug_aranges
                0x0000000000000148       0x28 ./Core/Src/system_stm32l4xx.o
 .debug_aranges
                0x0000000000000170       0x28 ./Core/Startup/startup_stm32l476rgtx.o
 .debug_aranges
                0x0000000000000198      0x130 ./Drivers/STM32L4xx_HAL_Driver/Src/stm32l4xx_hal.o
 .debug_aranges
                0x00000000000002c8      0x220 ./Drivers/STM32L4xx_HAL_Driver/Src/stm32l4xx_hal_adc.o
 .debug_aranges
                0x00000000000004e8      0x1a8 ./Drivers/STM32L4xx_HAL_Driver/Src/stm32l4xx_hal_adc_ex.o
 .debug_aranges
                0x0000000000000690      0x118 ./Drivers/STM32L4xx_HAL_Driver/Src/stm32l4xx_hal_cortex.o
 .debug_aranges
                0x00000000000007a8       0x80 ./Drivers/STM32L4xx_HAL_Driver/Src/stm32l4xx_hal_dma.o
 .debug_aranges
                0x0000000000000828       0x58 ./Drivers/STM32L4xx_HAL_Driver/Src/stm32l4xx_hal_gpio.o
 .debug_aranges
                0x0000000000000880      0x160 ./Drivers/STM32L4xx_HAL_Driver/Src/stm32l4xx_hal_pwr_ex.o
 .debug_aranges
                0x00000000000009e0       0x90 ./Drivers/STM32L4xx_HAL_Driver/Src/stm32l4xx_hal_rcc.o
 .debug_aranges
                0x0000000000000a70       0xc0 ./Drivers/STM32L4xx_HAL_Driver/Src/stm32l4xx_hal_rcc_ex.o
 .debug_aranges
                0x0000000000000b30      0x228 ./Drivers/STM32L4xx_HAL_Driver/Src/stm32l4xx_hal_uart.o
 .debug_aranges
                0x0000000000000d58       0x80 ./Drivers/STM32L4xx_HAL_Driver/Src/stm32l4xx_hal_uart_ex.o

.debug_rnglists
                0x0000000000000000      0xab2
 .debug_rnglists
                0x0000000000000000       0x67 ./Core/Src/main.o
 .debug_rnglists
                0x0000000000000067       0x2e ./Core/Src/stm32l4xx_hal_msp.o
 .debug_rnglists
                0x0000000000000095       0x5b ./Core/Src/stm32l4xx_it.o
 .debug_rnglists
                0x00000000000000f0       0x1a ./Core/Src/system_stm32l4xx.o
 .debug_rnglists
                0x000000000000010a       0x19 ./Core/Startup/startup_stm32l476rgtx.o
 .debug_rnglists
                0x0000000000000123       0xdf ./Drivers/STM32L4xx_HAL_Driver/Src/stm32l4xx_hal.o
 .debug_rnglists
                0x0000000000000202      0x1b1 ./Drivers/STM32L4xx_HAL_Driver/Src/stm32l4xx_hal_adc.o
 .debug_rnglists
                0x00000000000003b3      0x148 ./Drivers/STM32L4xx_HAL_Driver/Src/stm32l4xx_hal_adc_ex.o
 .debug_rnglists
                0x00000000000004fb       0xce ./Drivers/STM32L4xx_HAL_Driver/Src/stm32l4xx_hal_cortex.o
 .debug_rnglists
                0x00000000000005c9       0x64 ./Drivers/STM32L4xx_HAL_Driver/Src/stm32l4xx_hal_dma.o
 .debug_rnglists
                0x000000000000062d       0x3f ./Drivers/STM32L4xx_HAL_Driver/Src/stm32l4xx_hal_gpio.o
 .debug_rnglists
                0x000000000000066c      0x109 ./Drivers/STM32L4xx_HAL_Driver/Src/stm32l4xx_hal_pwr_ex.o
 .debug_rnglists
                0x0000000000000775       0x6d ./Drivers/STM32L4xx_HAL_Driver/Src/stm32l4xx_hal_rcc.o
 .debug_rnglists
                0x00000000000007e2       0x95 ./Drivers/STM32L4xx_HAL_Driver/Src/stm32l4xx_hal_rcc_ex.o
 .debug_rnglists
                0x0000000000000877      0x1db ./Drivers/STM32L4xx_HAL_Driver/Src/stm32l4xx_hal_uart.o
 .debug_rnglists
                0x0000000000000a52       0x60 ./Drivers/STM32L4xx_HAL_Driver/Src/stm32l4xx_hal_uart_ex.o

.debug_macro    0x0000000000000000    0x2786b
 .debug_macro   0x0000000000000000      0x2f2 ./Core/Src/main.o
 .debug_macro   0x00000000000002f2      0xaa8 ./Core/Src/main.o
 .debug_macro   0x0000000000000d9a      0x1a7 ./Core/Src/main.o
 .debug_macro   0x0000000000000f41       0x2e ./Core/Src/main.o
 .debug_macro   0x0000000000000f6f       0x28 ./Core/Src/main.o
 .debug_macro   0x0000000000000f97       0x22 ./Core/Src/main.o
 .debug_macro   0x0000000000000fb9       0x8e ./Core/Src/main.o
 .debug_macro   0x0000000000001047       0x51 ./Core/Src/main.o
 .debug_macro   0x0000000000001098      0x103 ./Core/Src/main.o
 .debug_macro   0x000000000000119b       0x6a ./Core/Src/main.o
 .debug_macro   0x0000000000001205      0x1df ./Core/Src/main.o
 .debug_macro   0x00000000000013e4       0x1c ./Core/Src/main.o
 .debug_macro   0x0000000000001400       0x22 ./Core/Src/main.o
 .debug_macro   0x0000000000001422       0xfb ./Core/Src/main.o
 .debug_macro   0x000000000000151d     0x1011 ./Core/Src/main.o
 .debug_macro   0x000000000000252e      0x11f ./Core/Src/main.o
 .debug_macro   0x000000000000264d    0x1a17a ./Core/Src/main.o
 .debug_macro   0x000000000001c7c7       0x6d ./Core/Src/main.o
 .debug_macro   0x000000000001c834     0x38e6 ./Core/Src/main.o
 .debug_macro   0x000000000002011a      0x174 ./Core/Src/main.o
 .debug_macro   0x000000000002028e       0x5c ./Core/Src/main.o
 .debug_macro   0x00000000000202ea     0x159e ./Core/Src/main.o
 .debug_macro   0x0000000000021888      0x5a5 ./Core/Src/main.o
 .debug_macro   0x0000000000021e2d      0x1b9 ./Core/Src/main.o
 .debug_macro   0x0000000000021fe6      0x18b ./Core/Src/main.o
 .debug_macro   0x0000000000022171      0x26b ./Core/Src/main.o
 .debug_macro   0x00000000000223dc      0x23d ./Core/Src/main.o
 .debug_macro   0x0000000000022619      0xf91 ./Core/Src/main.o
 .debug_macro   0x00000000000235aa      0x632 ./Core/Src/main.o
 .debug_macro   0x0000000000023bdc      0x30c ./Core/Src/main.o
 .debug_macro   0x0000000000023ee8      0x241 ./Core/Src/main.o
 .debug_macro   0x0000000000024129      0x37c ./Core/Src/main.o
 .debug_macro   0x00000000000244a5       0xd6 ./Core/Src/main.o
 .debug_macro   0x000000000002457b      0x122 ./Core/Src/main.o
 .debug_macro   0x000000000002469d      0x3ef ./Core/Src/main.o
 .debug_macro   0x0000000000024a8c      0x5cf ./Core/Src/main.o
 .debug_macro   0x000000000002505b       0x44 ./Core/Src/main.o
 .debug_macro   0x000000000002509f      0x330 ./Core/Src/main.o
 .debug_macro   0x00000000000253cf       0x58 ./Core/Src/main.o
 .debug_macro   0x0000000000025427       0x61 ./Core/Src/main.o
 .debug_macro   0x0000000000025488       0x2a ./Core/Src/main.o
 .debug_macro   0x00000000000254b2       0x43 ./Core/Src/main.o
 .debug_macro   0x00000000000254f5       0x34 ./Core/Src/main.o
 .debug_macro   0x0000000000025529       0x16 ./Core/Src/main.o
 .debug_macro   0x000000000002553f       0x35 ./Core/Src/main.o
 .debug_macro   0x0000000000025574      0x369 ./Core/Src/main.o
 .debug_macro   0x00000000000258dd       0x10 ./Core/Src/main.o
 .debug_macro   0x00000000000258ed       0x16 ./Core/Src/main.o
 .debug_macro   0x0000000000025903       0x43 ./Core/Src/main.o
 .debug_macro   0x0000000000025946       0x34 ./Core/Src/main.o
 .debug_macro   0x000000000002597a       0x10 ./Core/Src/main.o
 .debug_macro   0x000000000002598a       0x58 ./Core/Src/main.o
 .debug_macro   0x00000000000259e2       0x8e ./Core/Src/main.o
 .debug_macro   0x0000000000025a70       0x1c ./Core/Src/main.o
 .debug_macro   0x0000000000025a8c      0x177 ./Core/Src/main.o
 .debug_macro   0x0000000000025c03       0x16 ./Core/Src/main.o
 .debug_macro   0x0000000000025c19       0x16 ./Core/Src/main.o
 .debug_macro   0x0000000000025c2f      0x147 ./Core/Src/main.o
 .debug_macro   0x0000000000025d76       0x16 ./Core/Src/main.o
 .debug_macro   0x0000000000025d8c       0x20 ./Core/Src/main.o
 .debug_macro   0x0000000000025dac      0x1de ./Core/Src/stm32l4xx_hal_msp.o
 .debug_macro   0x0000000000025f8a      0x1e8 ./Core/Src/stm32l4xx_it.o
 .debug_macro   0x0000000000026172      0x1cf ./Core/Src/system_stm32l4xx.o
 .debug_macro   0x0000000000026341      0x21d ./Drivers/STM32L4xx_HAL_Driver/Src/stm32l4xx_hal.o
 .debug_macro   0x000000000002655e      0x1ec ./Drivers/STM32L4xx_HAL_Driver/Src/stm32l4xx_hal_adc.o
 .debug_macro   0x000000000002674a      0x1db ./Drivers/STM32L4xx_HAL_Driver/Src/stm32l4xx_hal_adc_ex.o
 .debug_macro   0x0000000000026925      0x1cf ./Drivers/STM32L4xx_HAL_Driver/Src/stm32l4xx_hal_cortex.o
 .debug_macro   0x0000000000026af4      0x1cf ./Drivers/STM32L4xx_HAL_Driver/Src/stm32l4xx_hal_dma.o
 .debug_macro   0x0000000000026cc3      0x1d6 ./Drivers/STM32L4xx_HAL_Driver/Src/stm32l4xx_hal_gpio.o
 .debug_macro   0x0000000000026e99      0x1f3 ./Drivers/STM32L4xx_HAL_Driver/Src/stm32l4xx_hal_pwr_ex.o
 .debug_macro   0x000000000002708c      0x211 ./Drivers/STM32L4xx_HAL_Driver/Src/stm32l4xx_hal_rcc.o
 .debug_macro   0x000000000002729d      0x205 ./Drivers/STM32L4xx_HAL_Driver/Src/stm32l4xx_hal_rcc_ex.o
 .debug_macro   0x00000000000274a2      0x1fa ./Drivers/STM32L4xx_HAL_Driver/Src/stm32l4xx_hal_uart.o
 .debug_macro   0x000000000002769c      0x1cf ./Drivers/STM32L4xx_HAL_Driver/Src/stm32l4xx_hal_uart_ex.o

.debug_line     0x0000000000000000    0x1011e
 .debug_line    0x0000000000000000      0xc9f ./Core/Src/main.o
 .debug_line    0x0000000000000c9f      0x8ac ./Core/Src/stm32l4xx_hal_msp.o
 .debug_line    0x000000000000154b      0x881 ./Core/Src/stm32l4xx_it.o
 .debug_line    0x0000000000001dcc      0x7f5 ./Core/Src/system_stm32l4xx.o
 .debug_line    0x00000000000025c1       0x7a ./Core/Startup/startup_stm32l476rgtx.o
 .debug_line    0x000000000000263b      0xb4e ./Drivers/STM32L4xx_HAL_Driver/Src/stm32l4xx_hal.o
 .debug_line    0x0000000000003189     0x1f5a ./Drivers/STM32L4xx_HAL_Driver/Src/stm32l4xx_hal_adc.o
 .debug_line    0x00000000000050e3     0x197e ./Drivers/STM32L4xx_HAL_Driver/Src/stm32l4xx_hal_adc_ex.o
 .debug_line    0x0000000000006a61      0xcf4 ./Drivers/STM32L4xx_HAL_Driver/Src/stm32l4xx_hal_cortex.o
 .debug_line    0x0000000000007755      0xd3e ./Drivers/STM32L4xx_HAL_Driver/Src/stm32l4xx_hal_dma.o
 .debug_line    0x0000000000008493      0xbc1 ./Drivers/STM32L4xx_HAL_Driver/Src/stm32l4xx_hal_gpio.o
 .debug_line    0x0000000000009054      0xd45 ./Drivers/STM32L4xx_HAL_Driver/Src/stm32l4xx_hal_pwr_ex.o
 .debug_line    0x0000000000009d99      0xfc4 ./Drivers/STM32L4xx_HAL_Driver/Src/stm32l4xx_hal_rcc.o
 .debug_line    0x000000000000ad5d     0x153e ./Drivers/STM32L4xx_HAL_Driver/Src/stm32l4xx_hal_rcc_ex.o
 .debug_line    0x000000000000c29b     0x322d ./Drivers/STM32L4xx_HAL_Driver/Src/stm32l4xx_hal_uart.o
 .debug_line    0x000000000000f4c8      0xc56 ./Drivers/STM32L4xx_HAL_Driver/Src/stm32l4xx_hal_uart_ex.o

.debug_str      0x0000000000000000    0xfabfb
 .debug_str     0x0000000000000000    0xf752b ./Core/Src/main.o
                                      0xf7bf5 (size before relaxing)
 .debug_str     0x00000000000f752b       0xca ./Core/Src/stm32l4xx_hal_msp.o
                                      0xf3fcc (size before relaxing)
 .debug_str     0x00000000000f75f5      0x147 ./Core/Src/stm32l4xx_it.o
                                      0xf36dc (size before relaxing)
 .debug_str     0x00000000000f773c       0xf2 ./Core/Src/system_stm32l4xx.o
                                      0xf2f87 (size before relaxing)
 .debug_str     0x00000000000f782e       0x34 ./Core/Startup/startup_stm32l476rgtx.o
                                         0x98 (size before relaxing)
 .debug_str     0x00000000000f7862      0x6a1 ./Drivers/STM32L4xx_HAL_Driver/Src/stm32l4xx_hal.o
                                      0xf3b86 (size before relaxing)
 .debug_str     0x00000000000f7f03      0xa41 ./Drivers/STM32L4xx_HAL_Driver/Src/stm32l4xx_hal_adc.o
                                      0xf3dce (size before relaxing)
 .debug_str     0x00000000000f8944      0x665 ./Drivers/STM32L4xx_HAL_Driver/Src/stm32l4xx_hal_adc_ex.o
                                      0xf3d77 (size before relaxing)
 .debug_str     0x00000000000f8fa9      0x31d ./Drivers/STM32L4xx_HAL_Driver/Src/stm32l4xx_hal_cortex.o
                                      0xf37ce (size before relaxing)
 .debug_str     0x00000000000f92c6      0x205 ./Drivers/STM32L4xx_HAL_Driver/Src/stm32l4xx_hal_dma.o
                                      0xf31f1 (size before relaxing)
 .debug_str     0x00000000000f94cb      0x110 ./Drivers/STM32L4xx_HAL_Driver/Src/stm32l4xx_hal_gpio.o
                                      0xf3100 (size before relaxing)
 .debug_str     0x00000000000f95db      0x4d3 ./Drivers/STM32L4xx_HAL_Driver/Src/stm32l4xx_hal_pwr_ex.o
                                      0xf34e2 (size before relaxing)
 .debug_str     0x00000000000f9aae      0x345 ./Drivers/STM32L4xx_HAL_Driver/Src/stm32l4xx_hal_rcc.o
                                      0xf35cd (size before relaxing)
 .debug_str     0x00000000000f9df3      0x3bf ./Drivers/STM32L4xx_HAL_Driver/Src/stm32l4xx_hal_rcc_ex.o
                                      0xf3746 (size before relaxing)
 .debug_str     0x00000000000fa1b2      0x849 ./Drivers/STM32L4xx_HAL_Driver/Src/stm32l4xx_hal_uart.o
                                      0xf3cdf (size before relaxing)
 .debug_str     0x00000000000fa9fb      0x200 ./Drivers/STM32L4xx_HAL_Driver/Src/stm32l4xx_hal_uart_ex.o
                                      0xf350b (size before relaxing)

.debug_frame    0x0000000000000000     0x39fc
 .debug_frame   0x0000000000000000      0x1fc ./Core/Src/main.o
 .debug_frame   0x00000000000001fc       0xcc ./Core/Src/stm32l4xx_hal_msp.o
 .debug_frame   0x00000000000002c8      0x174 ./Core/Src/stm32l4xx_it.o
 .debug_frame   0x000000000000043c       0x58 ./Core/Src/system_stm32l4xx.o
 .debug_frame   0x0000000000000494      0x498 ./Drivers/STM32L4xx_HAL_Driver/Src/stm32l4xx_hal.o
 .debug_frame   0x000000000000092c      0xa04 ./Drivers/STM32L4xx_HAL_Driver/Src/stm32l4xx_hal_adc.o
 .debug_frame   0x0000000000001330      0x7a4 ./Drivers/STM32L4xx_HAL_Driver/Src/stm32l4xx_hal_adc_ex.o
 .debug_frame   0x0000000000001ad4      0x498 ./Drivers/STM32L4xx_HAL_Driver/Src/stm32l4xx_hal_cortex.o
 .debug_frame   0x0000000000001f6c      0x204 ./Drivers/STM32L4xx_HAL_Driver/Src/stm32l4xx_hal_dma.o
 .debug_frame   0x0000000000002170      0x14c ./Drivers/STM32L4xx_HAL_Driver/Src/stm32l4xx_hal_gpio.o
 .debug_frame   0x00000000000022bc      0x584 ./Drivers/STM32L4xx_HAL_Driver/Src/stm32l4xx_hal_pwr_ex.o
 .debug_frame   0x0000000000002840      0x21c ./Drivers/STM32L4xx_HAL_Driver/Src/stm32l4xx_hal_rcc.o
 .debug_frame   0x0000000000002a5c      0x2fc ./Drivers/STM32L4xx_HAL_Driver/Src/stm32l4xx_hal_rcc_ex.o
 .debug_frame   0x0000000000002d58      0x9f4 ./Drivers/STM32L4xx_HAL_Driver/Src/stm32l4xx_hal_uart.o
 .debug_frame   0x000000000000374c      0x204 ./Drivers/STM32L4xx_HAL_Driver/Src/stm32l4xx_hal_uart_ex.o
 .debug_frame   0x0000000000003950       0x20 C:/Users/Badda Bing/Programmering/STM32/STM32CubeIDE_1.13.2/STM32CubeIDE/plugins/com.st.stm32cube.ide.mcu.externaltools.gnu-tools-for-stm32.11.3.rel1.win32_1.1.100.202309141235/tools/bin/../lib/gcc/arm-none-eabi/11.3.1/../../../../arm-none-eabi/lib/thumb/v7e-m+fp/hard\libc_nano.a(libc_a-memset.o)
 .debug_frame   0x0000000000003970       0x2c C:/Users/Badda Bing/Programmering/STM32/STM32CubeIDE_1.13.2/STM32CubeIDE/plugins/com.st.stm32cube.ide.mcu.externaltools.gnu-tools-for-stm32.11.3.rel1.win32_1.1.100.202309141235/tools/bin/../lib/gcc/arm-none-eabi/11.3.1/../../../../arm-none-eabi/lib/thumb/v7e-m+fp/hard\libc_nano.a(libc_a-init.o)
 .debug_frame   0x000000000000399c       0x2c C:/Users/Badda Bing/Programmering/STM32/STM32CubeIDE_1.13.2/STM32CubeIDE/plugins/com.st.stm32cube.ide.mcu.externaltools.gnu-tools-for-stm32.11.3.rel1.win32_1.1.100.202309141235/tools/bin/../lib/gcc/arm-none-eabi/11.3.1/thumb/v7e-m+fp/hard\libgcc.a(_aeabi_uldivmod.o)
 .debug_frame   0x00000000000039c8       0x34 C:/Users/Badda Bing/Programmering/STM32/STM32CubeIDE_1.13.2/STM32CubeIDE/plugins/com.st.stm32cube.ide.mcu.externaltools.gnu-tools-for-stm32.11.3.rel1.win32_1.1.100.202309141235/tools/bin/../lib/gcc/arm-none-eabi/11.3.1/thumb/v7e-m+fp/hard\libgcc.a(_udivmoddi4.o)

.debug_line_str
                0x0000000000000000       0x8c
 .debug_line_str
                0x0000000000000000       0x8c ./Core/Startup/startup_stm32l476rgtx.o
                                         0xa4 (size before relaxing)
