Archive member included to satisfy reference by file (symbol)

C:/ST/STM32CubeIDE_1.14.0/STM32CubeIDE/plugins/com.st.stm32cube.ide.mcu.externaltools.gnu-tools-for-stm32.11.3.rel1.win32_1.1.100.202309141235/tools/bin/../lib/gcc/arm-none-eabi/11.3.1/../../../../arm-none-eabi/lib/thumb/v7e-m+fp/hard\libc_nano.a(libc_a-exit.o)
                              C:/ST/STM32CubeIDE_1.14.0/STM32CubeIDE/plugins/com.st.stm32cube.ide.mcu.externaltools.gnu-tools-for-stm32.11.3.rel1.win32_1.1.100.202309141235/tools/bin/../lib/gcc/arm-none-eabi/11.3.1/../../../../arm-none-eabi/lib/thumb/v7e-m+fp/hard/crt0.o (exit)
C:/ST/STM32CubeIDE_1.14.0/STM32CubeIDE/plugins/com.st.stm32cube.ide.mcu.externaltools.gnu-tools-for-stm32.11.3.rel1.win32_1.1.100.202309141235/tools/bin/../lib/gcc/arm-none-eabi/11.3.1/../../../../arm-none-eabi/lib/thumb/v7e-m+fp/hard\libc_nano.a(libc_a-findfp.o)
                              C:/ST/STM32CubeIDE_1.14.0/STM32CubeIDE/plugins/com.st.stm32cube.ide.mcu.externaltools.gnu-tools-for-stm32.11.3.rel1.win32_1.1.100.202309141235/tools/bin/../lib/gcc/arm-none-eabi/11.3.1/../../../../arm-none-eabi/lib/thumb/v7e-m+fp/hard\libc_nano.a(libc_a-exit.o) (__stdio_exit_handler)
C:/ST/STM32CubeIDE_1.14.0/STM32CubeIDE/plugins/com.st.stm32cube.ide.mcu.externaltools.gnu-tools-for-stm32.11.3.rel1.win32_1.1.100.202309141235/tools/bin/../lib/gcc/arm-none-eabi/11.3.1/../../../../arm-none-eabi/lib/thumb/v7e-m+fp/hard\libc_nano.a(libc_a-fwalk.o)
                              C:/ST/STM32CubeIDE_1.14.0/STM32CubeIDE/plugins/com.st.stm32cube.ide.mcu.externaltools.gnu-tools-for-stm32.11.3.rel1.win32_1.1.100.202309141235/tools/bin/../lib/gcc/arm-none-eabi/11.3.1/../../../../arm-none-eabi/lib/thumb/v7e-m+fp/hard\libc_nano.a(libc_a-findfp.o) (_fwalk_sglue)
C:/ST/STM32CubeIDE_1.14.0/STM32CubeIDE/plugins/com.st.stm32cube.ide.mcu.externaltools.gnu-tools-for-stm32.11.3.rel1.win32_1.1.100.202309141235/tools/bin/../lib/gcc/arm-none-eabi/11.3.1/../../../../arm-none-eabi/lib/thumb/v7e-m+fp/hard\libc_nano.a(libc_a-stdio.o)
                              C:/ST/STM32CubeIDE_1.14.0/STM32CubeIDE/plugins/com.st.stm32cube.ide.mcu.externaltools.gnu-tools-for-stm32.11.3.rel1.win32_1.1.100.202309141235/tools/bin/../lib/gcc/arm-none-eabi/11.3.1/../../../../arm-none-eabi/lib/thumb/v7e-m+fp/hard\libc_nano.a(libc_a-findfp.o) (__sread)
C:/ST/STM32CubeIDE_1.14.0/STM32CubeIDE/plugins/com.st.stm32cube.ide.mcu.externaltools.gnu-tools-for-stm32.11.3.rel1.win32_1.1.100.202309141235/tools/bin/../lib/gcc/arm-none-eabi/11.3.1/../../../../arm-none-eabi/lib/thumb/v7e-m+fp/hard\libc_nano.a(libc_a-memset.o)
                              C:/ST/STM32CubeIDE_1.14.0/STM32CubeIDE/plugins/com.st.stm32cube.ide.mcu.externaltools.gnu-tools-for-stm32.11.3.rel1.win32_1.1.100.202309141235/tools/bin/../lib/gcc/arm-none-eabi/11.3.1/../../../../arm-none-eabi/lib/thumb/v7e-m+fp/hard/crt0.o (memset)
C:/ST/STM32CubeIDE_1.14.0/STM32CubeIDE/plugins/com.st.stm32cube.ide.mcu.externaltools.gnu-tools-for-stm32.11.3.rel1.win32_1.1.100.202309141235/tools/bin/../lib/gcc/arm-none-eabi/11.3.1/../../../../arm-none-eabi/lib/thumb/v7e-m+fp/hard\libc_nano.a(libc_a-closer.o)
                              C:/ST/STM32CubeIDE_1.14.0/STM32CubeIDE/plugins/com.st.stm32cube.ide.mcu.externaltools.gnu-tools-for-stm32.11.3.rel1.win32_1.1.100.202309141235/tools/bin/../lib/gcc/arm-none-eabi/11.3.1/../../../../arm-none-eabi/lib/thumb/v7e-m+fp/hard\libc_nano.a(libc_a-stdio.o) (_close_r)
C:/ST/STM32CubeIDE_1.14.0/STM32CubeIDE/plugins/com.st.stm32cube.ide.mcu.externaltools.gnu-tools-for-stm32.11.3.rel1.win32_1.1.100.202309141235/tools/bin/../lib/gcc/arm-none-eabi/11.3.1/../../../../arm-none-eabi/lib/thumb/v7e-m+fp/hard\libc_nano.a(libc_a-reent.o)
                              C:/ST/STM32CubeIDE_1.14.0/STM32CubeIDE/plugins/com.st.stm32cube.ide.mcu.externaltools.gnu-tools-for-stm32.11.3.rel1.win32_1.1.100.202309141235/tools/bin/../lib/gcc/arm-none-eabi/11.3.1/../../../../arm-none-eabi/lib/thumb/v7e-m+fp/hard\libc_nano.a(libc_a-closer.o) (errno)
C:/ST/STM32CubeIDE_1.14.0/STM32CubeIDE/plugins/com.st.stm32cube.ide.mcu.externaltools.gnu-tools-for-stm32.11.3.rel1.win32_1.1.100.202309141235/tools/bin/../lib/gcc/arm-none-eabi/11.3.1/../../../../arm-none-eabi/lib/thumb/v7e-m+fp/hard\libc_nano.a(libc_a-impure.o)
                              C:/ST/STM32CubeIDE_1.14.0/STM32CubeIDE/plugins/com.st.stm32cube.ide.mcu.externaltools.gnu-tools-for-stm32.11.3.rel1.win32_1.1.100.202309141235/tools/bin/../lib/gcc/arm-none-eabi/11.3.1/../../../../arm-none-eabi/lib/thumb/v7e-m+fp/hard\libc_nano.a(libc_a-reent.o) (_impure_ptr)
C:/ST/STM32CubeIDE_1.14.0/STM32CubeIDE/plugins/com.st.stm32cube.ide.mcu.externaltools.gnu-tools-for-stm32.11.3.rel1.win32_1.1.100.202309141235/tools/bin/../lib/gcc/arm-none-eabi/11.3.1/../../../../arm-none-eabi/lib/thumb/v7e-m+fp/hard\libc_nano.a(libc_a-lseekr.o)
[...]
Memory Configuration

Name             Origin             Length             Attributes
RAM              0x0000000020000000 0x0000000000018000 xrw
RAM2             0x0000000010000000 0x0000000000008000 xrw
FLASH            0x0000000008000000 0x0000000000100000 xr
*default*        0x0000000000000000 0xffffffffffffffff

Linker script and memory map

LOAD C:/ST/STM32CubeIDE_1.14.0/STM32CubeIDE/plugins/com.st.stm32cube.ide.mcu.externaltools.gnu-tools-for-stm32.11.3.rel1.win32_1.1.100.202309141235/tools/bin/../lib/gcc/arm-none-eabi/11.3.1/thumb/v7e-m+fp/hard/crti.o
LOAD C:/ST/STM32CubeIDE_1.14.0/STM32CubeIDE/plugins/com.st.stm32cube.ide.mcu.externaltools.gnu-tools-for-stm32.11.3.rel1.win32_1.1.100.202309141235/tools/bin/../lib/gcc/arm-none-eabi/11.3.1/thumb/v7e-m+fp/hard/crtbegin.o
LOAD C:/ST/STM32CubeIDE_1.14.0/STM32CubeIDE/plugins/com.st.stm32cube.ide.mcu.externaltools.gnu-tools-for-stm32.11.3.rel1.win32_1.1.100.202309141235/tools/bin/../lib/gcc/arm-none-eabi/11.3.1/../../../../arm-none-eabi/lib/thumb/v7e-m+fp/hard/crt0.o
LOAD ./Core/Src/main.o
LOAD ./Core/Src/stm32l4xx_hal_msp.o
LOAD ./Core/Src/stm32l4xx_it.o
LOAD ./Core/Src/syscalls.o
LOAD ./Core/Src/sysmem.o
LOAD ./Core/Src/system_stm32l4xx.o
LOAD ./Core/Startup/startup_stm32l476rgtx.o
LOAD ./Drivers/STM32L4xx_HAL_Driver/Src/stm32l4xx_hal.o
LOAD ./Drivers/STM32L4xx_HAL_Driver/Src/stm32l4xx_hal_can.o
LOAD ./Drivers/STM32L4xx_HAL_Driver/Src/stm32l4xx_hal_cortex.o
LOAD ./Drivers/STM32L4xx_HAL_Driver/Src/stm32l4xx_hal_dma.o
LOAD ./Drivers/STM32L4xx_HAL_Driver/Src/stm32l4xx_hal_dma_ex.o
LOAD ./Drivers/STM32L4xx_HAL_Driver/Src/stm32l4xx_hal_exti.o
LOAD ./Drivers/STM32L4xx_HAL_Driver/Src/stm32l4xx_hal_flash.o
LOAD ./Drivers/STM32L4xx_HAL_Driver/Src/stm32l4xx_hal_flash_ex.o
LOAD ./Drivers/STM32L4xx_HAL_Driver/Src/stm32l4xx_hal_flash_ramfunc.o
LOAD ./Drivers/STM32L4xx_HAL_Driver/Src/stm32l4xx_hal_gpio.o
LOAD ./Drivers/STM32L4xx_HAL_Driver/Src/stm32l4xx_hal_i2c.o
LOAD ./Drivers/STM32L4xx_HAL_Driver/Src/stm32l4xx_hal_i2c_ex.o
LOAD ./Drivers/STM32L4xx_HAL_Driver/Src/stm32l4xx_hal_pwr.o
LOAD ./Drivers/STM32L4xx_HAL_Driver/Src/stm32l4xx_hal_pwr_ex.o
LOAD ./Drivers/STM32L4xx_HAL_Driver/Src/stm32l4xx_hal_rcc.o
LOAD ./Drivers/STM32L4xx_HAL_Driver/Src/stm32l4xx_hal_rcc_ex.o
LOAD ./Drivers/STM32L4xx_HAL_Driver/Src/stm32l4xx_hal_tim.o
LOAD ./Drivers/STM32L4xx_HAL_Driver/Src/stm32l4xx_hal_tim_ex.o
START GROUP
LOAD C:/ST/STM32CubeIDE_1.14.0/STM32CubeIDE/plugins/com.st.stm32cube.ide.mcu.externaltools.gnu-tools-for-stm32.11.3.rel1.win32_1.1.100.202309141235/tools/bin/../lib/gcc/arm-none-eabi/11.3.1/../../../../arm-none-eabi/lib/thumb/v7e-m+fp/hard\libc_nano.a
LOAD C:/ST/STM32CubeIDE_1.14.0/STM32CubeIDE/plugins/com.st.stm32cube.ide.mcu.externaltools.gnu-tools-for-stm32.11.3.rel1.win32_1.1.100.202309141235/tools/bin/../lib/gcc/arm-none-eabi/11.3.1/../../../../arm-none-eabi/lib/thumb/v7e-m+fp/hard\libm.a
END GROUP
START GROUP
LOAD C:/ST/STM32CubeIDE_1.14.0/STM32CubeIDE/plugins/com.st.stm32cube.ide.mcu.externaltools.gnu-tools-for-stm32.11.3.rel1.win32_1.1.100.202309141235/tools/bin/../lib/gcc/arm-none-eabi/11.3.1/thumb/v7e-m+fp/hard\libgcc.a
LOAD C:/ST/STM32CubeIDE_1.14.0/STM32CubeIDE/plugins/com.st.stm32cube.ide.mcu.externaltools.gnu-tools-for-stm32.11.3.rel1.win32_1.1.100.202309141235/tools/bin/../lib/gcc/arm-none-eabi/11.3.1/../../../../arm-none-eabi/lib/thumb/v7e-m+fp/hard\libc_nano.a
END GROUP
START GROUP
LOAD C:/ST/STM32CubeIDE_1.14.0/STM32CubeIDE/plugins/com.st.stm32cube.ide.mcu.externaltools.gnu-tools-for-stm32.11.3.rel1.win32_1.1.100.202309141235/tools/bin/../lib/gcc/arm-none-eabi/11.3.1/thumb/v7e-m+fp/hard\libgcc.a
LOAD C:/ST/STM32CubeIDE_1.14.0/STM32CubeIDE/plugins/com.st.stm32cube.ide.mcu.externaltools.gnu-tools-for-stm32.11.3.rel1.win32_1.1.100.202309141235/tools/bin/../lib/gcc/arm-none-eabi/11.3.1/../../../../arm-none-eabi/lib/thumb/v7e-m+fp/hard\libc_nano.a
LOAD C:/ST/STM32CubeIDE_1.14.0/STM32CubeIDE/plugins/com.st.stm32cube.ide.mcu.externaltools.gnu-tools-for-stm32.11.3.rel1.win32_1.1.100.202309141235/tools/bin/../lib/gcc/arm-none-eabi/11.3.1/../../../../arm-none-eabi/lib/thumb/v7e-m+fp/hard\libnosys.a
END GROUP
START GROUP
LOAD C:/ST/STM32CubeIDE_1.14.0/STM32CubeIDE/plugins/com.st.stm32cube.ide.mcu.externaltools.gnu-tools-for-stm32.11.3.rel1.win32_1.1.100.202309141235/tools/bin/../lib/gcc/arm-none-eabi/11.3.1/thumb/v7e-m+fp/hard\libgcc.a
LOAD C:/ST/STM32CubeIDE_1.14.0/STM32CubeIDE/plugins/com.st.stm32cube.ide.mcu.externaltools.gnu-tools-for-stm32.11.3.rel1.win32_1.1.100.202309141235/tools/bin/../lib/gcc/arm-none-eabi/11.3.1/../../../../arm-none-eabi/lib/thumb/v7e-m+fp/hard\libc_nano.a
LOAD C:/ST/STM32CubeIDE_1.14.0/STM32CubeIDE/plugins/com.st.stm32cube.ide.mcu.externaltools.gnu-tools-for-stm32.11.3.rel1.win32_1.1.100.202309141235/tools/bin/../lib/gcc/arm-none-eabi/11.3.1/../../../../arm-none-eabi/lib/thumb/v7e-m+fp/hard\libnosys.a
END GROUP
LOAD C:/ST/STM32CubeIDE_1.14.0/STM32CubeIDE/plugins/com.st.stm32cube.ide.mcu.externaltools.gnu-tools-for-stm32.11.3.rel1.win32_1.1.100.202309141235/tools/bin/../lib/gcc/arm-none-eabi/11.3.1/thumb/v7e-m+fp/hard/crtend.o
LOAD C:/ST/STM32CubeIDE_1.14.0/STM32CubeIDE/plugins/com.st.stm32cube.ide.mcu.externaltools.gnu-tools-for-stm32.11.3.rel1.win32_1.1.100.202309141235/tools/bin/../lib/gcc/arm-none-eabi/11.3.1/thumb/v7e-m+fp/hard/crtn.o
                0x0000000020018000                _estack = (ORIGIN (RAM) + LENGTH (RAM))
                0x0000000000000200                _Min_Heap_Size = 0x200
                0x0000000000000400                _Min_Stack_Size = 0x400

.isr_vector     0x0000000008000000      0x188
                0x0000000008000000                . = ALIGN (0x4)
 *(.isr_vector)
 .isr_vector    0x0000000008000000      0x188 ./Core/Startup/startup_stm32l476rgtx.o
                0x0000000008000000                g_pfnVectors
                0x0000000008000188                . = ALIGN (0x4)

.text           0x0000000008000188     0x25f0
                0x0000000008000188                . = ALIGN (0x4)
 *(.text)
 .text          0x0000000008000188       0x40 C:/ST/STM32CubeIDE_1.14.0/STM32CubeIDE/plugins/com.st.stm32cube.ide.mcu.externaltools.gnu-tools-for-stm32.11.3.rel1.win32_1.1.100.202309141235/tools/bin/../lib/gcc/arm-none-eabi/11.3.1/thumb/v7e-m+fp/hard/crtbegin.o
 *(.text*)
 .text.HAL_GPIO_EXTI_Callback
                0x00000000080001c8       0x44 ./Core/Src/main.o
                0x00000000080001c8                HAL_GPIO_EXTI_Callback
 .text.HAL_CAN_RxFifo0MsgPendingCallback
                0x000000000800020c       0x38 ./Core/Src/main.o
                0x000000000800020c                HAL_CAN_RxFifo0MsgPendingCallback
 .text.main     0x0000000008000244       0xac ./Core/Src/main.o
                0x0000000008000244                main
 .text.SystemClock_Config
                0x00000000080002f0       0xa2 ./Core/Src/main.o
                0x00000000080002f0                SystemClock_Config
 *fill*         0x0000000008000392        0x2 
 .text.MX_CAN1_Init
                0x0000000008000394       0xa8 ./Core/Src/main.o
 .text.MX_GPIO_Init
                0x000000000800043c       0xac ./Core/Src/main.o
 .text.Error_Handler
                0x00000000080004e8        0xa ./Core/Src/main.o
                0x00000000080004e8                Error_Handler
 *fill*         0x00000000080004f2        0x2 
 .text.HAL_MspInit
                0x00000000080004f4       0x48 ./Core/Src/stm32l4xx_hal_msp.o
                0x00000000080004f4                HAL_MspInit
 .text.HAL_CAN_MspInit
                0x000000000800053c       0x98 ./Core/Src/stm32l4xx_hal_msp.o
                0x000000000800053c                HAL_CAN_MspInit
 .text.NMI_Handler
                0x00000000080005d4        0x6 ./Core/Src/stm32l4xx_it.o
                0x00000000080005d4                NMI_Handler
 .text.HardFault_Handler
                0x00000000080005da        0x6 ./Core/Src/stm32l4xx_it.o
                0x00000000080005da                HardFault_Handler
 .text.MemManage_Handler
                0x00000000080005e0        0x6 ./Core/Src/stm32l4xx_it.o
                0x00000000080005e0                MemManage_Handler
 .text.BusFault_Handler
                0x00000000080005e6        0x6 ./Core/Src/stm32l4xx_it.o
                0x00000000080005e6                BusFault_Handler
 .text.UsageFault_Handler
                0x00000000080005ec        0x6 ./Core/Src/stm32l4xx_it.o
                0x00000000080005ec                UsageFault_Handler
 .text.SVC_Handler
                0x00000000080005f2        0xe ./Core/Src/stm32l4xx_it.o
                0x00000000080005f2                SVC_Handler
 .text.DebugMon_Handler
                0x0000000008000600        0xe ./Core/Src/stm32l4xx_it.o
                0x0000000008000600                DebugMon_Handler
 .text.PendSV_Handler
                0x000000000800060e        0xe ./Core/Src/stm32l4xx_it.o
                0x000000000800060e                PendSV_Handler
 .text.SysTick_Handler
                0x000000000800061c        0xc ./Core/Src/stm32l4xx_it.o
                0x000000000800061c                SysTick_Handler
 .text.CAN1_RX0_IRQHandler
                0x0000000008000628       0x14 ./Core/Src/stm32l4xx_it.o
                0x0000000008000628                CAN1_RX0_IRQHandler
 .text.EXTI15_10_IRQHandler
                0x000000000800063c       0x10 ./Core/Src/stm32l4xx_it.o
                0x000000000800063c                EXTI15_10_IRQHandler
 .text.SystemInit
                0x000000000800064c       0x24 ./Core/Src/system_stm32l4xx.o
                0x000000000800064c                SystemInit
 .text.Reset_Handler
                0x0000000008000670       0x50 ./Core/Startup/startup_stm32l476rgtx.o
                0x0000000008000670                Reset_Handler
 .text.Default_Handler
                0x00000000080006c0        0x2 ./Core/Startup/startup_stm32l476rgtx.o
                0x00000000080006c0                RTC_Alarm_IRQHandler
                0x00000000080006c0                EXTI2_IRQHandler
                0x00000000080006c0                TIM8_TRG_COM_IRQHandler
                0x00000000080006c0                TIM8_CC_IRQHandler
                0x00000000080006c0                TIM1_CC_IRQHandler
                0x00000000080006c0                TSC_IRQHandler
                0x00000000080006c0                TAMP_STAMP_IRQHandler
                0x00000000080006c0                EXTI3_IRQHandler
                0x00000000080006c0                LPTIM2_IRQHandler
                0x00000000080006c0                DFSDM1_FLT1_IRQHandler
                0x00000000080006c0                I2C3_ER_IRQHandler
                0x00000000080006c0                DFSDM1_FLT2_IRQHandler
                0x00000000080006c0                EXTI0_IRQHandler
                0x00000000080006c0                I2C2_EV_IRQHandler
                0x00000000080006c0                FPU_IRQHandler
                0x00000000080006c0                TIM1_UP_TIM16_IRQHandler
                0x00000000080006c0                ADC1_2_IRQHandler
                0x00000000080006c0                SPI1_IRQHandler
                0x00000000080006c0                TIM6_DAC_IRQHandler
                0x00000000080006c0                TIM8_UP_IRQHandler
                0x00000000080006c0                DMA2_Channel2_IRQHandler
                0x00000000080006c0                DMA1_Channel4_IRQHandler
                0x00000000080006c0                SAI2_IRQHandler
                0x00000000080006c0                DFSDM1_FLT3_IRQHandler
                0x00000000080006c0                USART3_IRQHandler
                0x00000000080006c0                DMA1_Channel7_IRQHandler
                0x00000000080006c0                CAN1_RX1_IRQHandler
                0x00000000080006c0                LCD_IRQHandler
                0x00000000080006c0                UART5_IRQHandler
                0x00000000080006c0                ADC3_IRQHandler
                0x00000000080006c0                TIM4_IRQHandler
                0x00000000080006c0                DMA2_Channel1_IRQHandler
                0x00000000080006c0                QUADSPI_IRQHandler
                0x00000000080006c0                I2C1_EV_IRQHandler
                0x00000000080006c0                DMA1_Channel6_IRQHandler
                0x00000000080006c0                UART4_IRQHandler
                0x00000000080006c0                DMA2_Channel4_IRQHandler
                0x00000000080006c0                TIM3_IRQHandler
                0x00000000080006c0                RCC_IRQHandler
                0x00000000080006c0                DMA1_Channel1_IRQHandler
                0x00000000080006c0                Default_Handler
                0x00000000080006c0                DMA2_Channel7_IRQHandler
                0x00000000080006c0                TIM7_IRQHandler
                0x00000000080006c0                SDMMC1_IRQHandler
                0x00000000080006c0                TIM5_IRQHandler
                0x00000000080006c0                I2C3_EV_IRQHandler
                0x00000000080006c0                EXTI9_5_IRQHandler
                0x00000000080006c0                RTC_WKUP_IRQHandler
                0x00000000080006c0                PVD_PVM_IRQHandler
                0x00000000080006c0                SPI2_IRQHandler
                0x00000000080006c0                CAN1_TX_IRQHandler
                0x00000000080006c0                DMA2_Channel5_IRQHandler
                0x00000000080006c0                DMA1_Channel5_IRQHandler
                0x00000000080006c0                EXTI4_IRQHandler
                0x00000000080006c0                RNG_IRQHandler
                0x00000000080006c0                TIM1_TRG_COM_TIM17_IRQHandler
                0x00000000080006c0                DMA1_Channel3_IRQHandler
                0x00000000080006c0                COMP_IRQHandler
                0x00000000080006c0                WWDG_IRQHandler
                0x00000000080006c0                LPUART1_IRQHandler
                0x00000000080006c0                DMA2_Channel6_IRQHandler
                0x00000000080006c0                TIM2_IRQHandler
                0x00000000080006c0                EXTI1_IRQHandler
                0x00000000080006c0                USART2_IRQHandler
                0x00000000080006c0                DFSDM1_FLT0_IRQHandler
                0x00000000080006c0                I2C2_ER_IRQHandler
                0x00000000080006c0                DMA1_Channel2_IRQHandler
                0x00000000080006c0                TIM8_BRK_IRQHandler
                0x00000000080006c0                CAN1_SCE_IRQHandler
                0x00000000080006c0                FLASH_IRQHandler
                0x00000000080006c0                USART1_IRQHandler
                0x00000000080006c0                OTG_FS_IRQHandler
                0x00000000080006c0                SPI3_IRQHandler
                0x00000000080006c0                I2C1_ER_IRQHandler
                0x00000000080006c0                FMC_IRQHandler
                0x00000000080006c0                SWPMI1_IRQHandler
                0x00000000080006c0                LPTIM1_IRQHandler
                0x00000000080006c0                SAI1_IRQHandler
                0x00000000080006c0                DMA2_Channel3_IRQHandler
                0x00000000080006c0                TIM1_BRK_TIM15_IRQHandler
 *fill*         0x00000000080006c2        0x2 
 .text.HAL_Init
                0x00000000080006c4       0x40 ./Drivers/STM32L4xx_HAL_Driver/Src/stm32l4xx_hal.o
                0x00000000080006c4                HAL_Init
 .text.HAL_InitTick
                0x0000000008000704       0x78 ./Drivers/STM32L4xx_HAL_Driver/Src/stm32l4xx_hal.o
                0x0000000008000704                HAL_InitTick
 .text.HAL_IncTick
                0x000000000800077c       0x28 ./Drivers/STM32L4xx_HAL_Driver/Src/stm32l4xx_hal.o
                0x000000000800077c                HAL_IncTick
 .text.HAL_GetTick
                0x00000000080007a4       0x18 ./Drivers/STM32L4xx_HAL_Driver/Src/stm32l4xx_hal.o
                0x00000000080007a4                HAL_GetTick
 .text.HAL_Delay
                0x00000000080007bc       0x48 ./Drivers/STM32L4xx_HAL_Driver/Src/stm32l4xx_hal.o
                0x00000000080007bc                HAL_Delay
 .text.HAL_CAN_Init
                0x0000000008000804      0x1f6 ./Drivers/STM32L4xx_HAL_Driver/Src/stm32l4xx_hal_can.o
                0x0000000008000804                HAL_CAN_Init
 .text.HAL_CAN_ConfigFilter
                0x00000000080009fa      0x194 ./Drivers/STM32L4xx_HAL_Driver/Src/stm32l4xx_hal_can.o
                0x00000000080009fa                HAL_CAN_ConfigFilter
 .text.HAL_CAN_Start
                0x0000000008000b8e       0x88 ./Drivers/STM32L4xx_HAL_Driver/Src/stm32l4xx_hal_can.o
                0x0000000008000b8e                HAL_CAN_Start
 .text.HAL_CAN_AddTxMessage
                0x0000000008000c16      0x1a0 ./Drivers/STM32L4xx_HAL_Driver/Src/stm32l4xx_hal_can.o
                0x0000000008000c16                HAL_CAN_AddTxMessage
 .text.HAL_CAN_GetRxMessage
                0x0000000008000db6      0x244 ./Drivers/STM32L4xx_HAL_Driver/Src/stm32l4xx_hal_can.o
                0x0000000008000db6                HAL_CAN_GetRxMessage
 .text.HAL_CAN_ActivateNotification
                0x0000000008000ffa       0x4c ./Drivers/STM32L4xx_HAL_Driver/Src/stm32l4xx_hal_can.o
                0x0000000008000ffa                HAL_CAN_ActivateNotification
 .text.HAL_CAN_IRQHandler
                0x0000000008001046      0x36e ./Drivers/STM32L4xx_HAL_Driver/Src/stm32l4xx_hal_can.o
                0x0000000008001046                HAL_CAN_IRQHandler
 .text.HAL_CAN_TxMailbox0CompleteCallback
                0x00000000080013b4       0x14 ./Drivers/STM32L4xx_HAL_Driver/Src/stm32l4xx_hal_can.o
                0x00000000080013b4                HAL_CAN_TxMailbox0CompleteCallback
 .text.HAL_CAN_TxMailbox1CompleteCallback
                0x00000000080013c8       0x14 ./Drivers/STM32L4xx_HAL_Driver/Src/stm32l4xx_hal_can.o
                0x00000000080013c8                HAL_CAN_TxMailbox1CompleteCallback
 .text.HAL_CAN_TxMailbox2CompleteCallback
                0x00000000080013dc       0x14 ./Drivers/STM32L4xx_HAL_Driver/Src/stm32l4xx_hal_can.o
                0x00000000080013dc                HAL_CAN_TxMailbox2CompleteCallback
 .text.HAL_CAN_TxMailbox0AbortCallback
                0x00000000080013f0       0x14 ./Drivers/STM32L4xx_HAL_Driver/Src/stm32l4xx_hal_can.o
                0x00000000080013f0                HAL_CAN_TxMailbox0AbortCallback
 .text.HAL_CAN_TxMailbox1AbortCallback
                0x0000000008001404       0x14 ./Drivers/STM32L4xx_HAL_Driver/Src/stm32l4xx_hal_can.o
                0x0000000008001404                HAL_CAN_TxMailbox1AbortCallback
 .text.HAL_CAN_TxMailbox2AbortCallback
                0x0000000008001418       0x14 ./Drivers/STM32L4xx_HAL_Driver/Src/stm32l4xx_hal_can.o
                0x0000000008001418                HAL_CAN_TxMailbox2AbortCallback
 .text.HAL_CAN_RxFifo0FullCallback
                0x000000000800142c       0x14 ./Drivers/STM32L4xx_HAL_Driver/Src/stm32l4xx_hal_can.o
                0x000000000800142c                HAL_CAN_RxFifo0FullCallback
 .text.HAL_CAN_RxFifo1MsgPendingCallback
                0x0000000008001440       0x14 ./Drivers/STM32L4xx_HAL_Driver/Src/stm32l4xx_hal_can.o
                0x0000000008001440                HAL_CAN_RxFifo1MsgPendingCallback
 .text.HAL_CAN_RxFifo1FullCallback
                0x0000000008001454       0x14 ./Drivers/STM32L4xx_HAL_Driver/Src/stm32l4xx_hal_can.o
                0x0000000008001454                HAL_CAN_RxFifo1FullCallback
 .text.HAL_CAN_SleepCallback
                0x0000000008001468       0x14 ./Drivers/STM32L4xx_HAL_Driver/Src/stm32l4xx_hal_can.o
                0x0000000008001468                HAL_CAN_SleepCallback
 .text.HAL_CAN_WakeUpFromRxMsgCallback
                0x000000000800147c       0x14 ./Drivers/STM32L4xx_HAL_Driver/Src/stm32l4xx_hal_can.o
                0x000000000800147c                HAL_CAN_WakeUpFromRxMsgCallback
 .text.HAL_CAN_ErrorCallback
                0x0000000008001490       0x14 ./Drivers/STM32L4xx_HAL_Driver/Src/stm32l4xx_hal_can.o
                0x0000000008001490                HAL_CAN_ErrorCallback
 .text.__NVIC_SetPriorityGrouping
                0x00000000080014a4       0x48 ./Drivers/STM32L4xx_HAL_Driver/Src/stm32l4xx_hal_cortex.o
 .text.__NVIC_GetPriorityGrouping
                0x00000000080014ec       0x1c ./Drivers/STM32L4xx_HAL_Driver/Src/stm32l4xx_hal_cortex.o
 .text.__NVIC_EnableIRQ
                0x0000000008001508       0x3c ./Drivers/STM32L4xx_HAL_Driver/Src/stm32l4xx_hal_cortex.o
 .text.__NVIC_SetPriority
                0x0000000008001544       0x54 ./Drivers/STM32L4xx_HAL_Driver/Src/stm32l4xx_hal_cortex.o
 .text.NVIC_EncodePriority
                0x0000000008001598       0x66 ./Drivers/STM32L4xx_HAL_Driver/Src/stm32l4xx_hal_cortex.o
 *fill*         0x00000000080015fe        0x2 
 .text.SysTick_Config
                0x0000000008001600       0x44 ./Drivers/STM32L4xx_HAL_Driver/Src/stm32l4xx_hal_cortex.o
 .text.HAL_NVIC_SetPriorityGrouping
                0x0000000008001644       0x16 ./Drivers/STM32L4xx_HAL_Driver/Src/stm32l4xx_hal_cortex.o
                0x0000000008001644                HAL_NVIC_SetPriorityGrouping
 .text.HAL_NVIC_SetPriority
                0x000000000800165a       0x38 ./Drivers/STM32L4xx_HAL_Driver/Src/stm32l4xx_hal_cortex.o
                0x000000000800165a                HAL_NVIC_SetPriority
 .text.HAL_NVIC_EnableIRQ
                0x0000000008001692       0x1c ./Drivers/STM32L4xx_HAL_Driver/Src/stm32l4xx_hal_cortex.o
                0x0000000008001692                HAL_NVIC_EnableIRQ
 .text.HAL_SYSTICK_Config
                0x00000000080016ae       0x18 ./Drivers/STM32L4xx_HAL_Driver/Src/stm32l4xx_hal_cortex.o
                0x00000000080016ae                HAL_SYSTICK_Config
 *fill*         0x00000000080016c6        0x2 
 .text.HAL_GPIO_Init
                0x00000000080016c8      0x354 ./Drivers/STM32L4xx_HAL_Driver/Src/stm32l4xx_hal_gpio.o
                0x00000000080016c8                HAL_GPIO_Init
 .text.HAL_GPIO_WritePin
                0x0000000008001a1c       0x30 ./Drivers/STM32L4xx_HAL_Driver/Src/stm32l4xx_hal_gpio.o
                0x0000000008001a1c                HAL_GPIO_WritePin
 .text.HAL_GPIO_TogglePin
                0x0000000008001a4c       0x34 ./Drivers/STM32L4xx_HAL_Driver/Src/stm32l4xx_hal_gpio.o
                0x0000000008001a4c                HAL_GPIO_TogglePin
 .text.HAL_GPIO_EXTI_IRQHandler
                0x0000000008001a80       0x30 ./Drivers/STM32L4xx_HAL_Driver/Src/stm32l4xx_hal_gpio.o
                0x0000000008001a80                HAL_GPIO_EXTI_IRQHandler
 .text.HAL_PWREx_GetVoltageRange
                0x0000000008001ab0       0x1c ./Drivers/STM32L4xx_HAL_Driver/Src/stm32l4xx_hal_pwr_ex.o
                0x0000000008001ab0                HAL_PWREx_GetVoltageRange
 .text.HAL_PWREx_ControlVoltageScaling
                0x0000000008001acc       0xac ./Drivers/STM32L4xx_HAL_Driver/Src/stm32l4xx_hal_pwr_ex.o
                0x0000000008001acc                HAL_PWREx_ControlVoltageScaling
 .text.HAL_RCC_OscConfig
                0x0000000008001b78      0x7b8 ./Drivers/STM32L4xx_HAL_Driver/Src/stm32l4xx_hal_rcc.o
                0x0000000008001b78                HAL_RCC_OscConfig
 .text.HAL_RCC_ClockConfig
                0x0000000008002330      0x200 ./Drivers/STM32L4xx_HAL_Driver/Src/stm32l4xx_hal_rcc.o
                0x0000000008002330                HAL_RCC_ClockConfig
 .text.HAL_RCC_GetSysClockFreq
                0x0000000008002530      0x118 ./Drivers/STM32L4xx_HAL_Driver/Src/stm32l4xx_hal_rcc.o
                0x0000000008002530                HAL_RCC_GetSysClockFreq
 .text.RCC_SetFlashLatencyFromMSIRange
                0x0000000008002648       0xc0 ./Drivers/STM32L4xx_HAL_Driver/Src/stm32l4xx_hal_rcc.o
 .text.memset   0x0000000008002708       0x10 C:/ST/STM32CubeIDE_1.14.0/STM32CubeIDE/plugins/com.st.stm32cube.ide.mcu.externaltools.gnu-tools-for-stm32.11.3.rel1.win32_1.1.100.202309141235/tools/bin/../lib/gcc/arm-none-eabi/11.3.1/../../../../arm-none-eabi/lib/thumb/v7e-m+fp/hard\libc_nano.a(libc_a-memset.o)
                0x0000000008002708                memset
 .text.__libc_init_array
                0x0000000008002718       0x48 C:/ST/STM32CubeIDE_1.14.0/STM32CubeIDE/plugins/com.st.stm32cube.ide.mcu.externaltools.gnu-tools-for-stm32.11.3.rel1.win32_1.1.100.202309141235/tools/bin/../lib/gcc/arm-none-eabi/11.3.1/../../../../arm-none-eabi/lib/thumb/v7e-m+fp/hard\libc_nano.a(libc_a-init.o)
                0x0000000008002718                __libc_init_array
 *(.glue_7)
 .glue_7        0x0000000008002760        0x0 linker stubs
 *(.glue_7t)
 .glue_7t       0x0000000008002760        0x0 linker stubs
 *(.eh_frame)
 .eh_frame      0x0000000008002760        0x0 C:/ST/STM32CubeIDE_1.14.0/STM32CubeIDE/plugins/com.st.stm32cube.ide.mcu.externaltools.gnu-tools-for-stm32.11.3.rel1.win32_1.1.100.202309141235/tools/bin/../lib/gcc/arm-none-eabi/11.3.1/thumb/v7e-m+fp/hard/crtbegin.o
 *(.init)
 .init          0x0000000008002760        0x4 C:/ST/STM32CubeIDE_1.14.0/STM32CubeIDE/plugins/com.st.stm32cube.ide.mcu.externaltools.gnu-tools-for-stm32.11.3.rel1.win32_1.1.100.202309141235/tools/bin/../lib/gcc/arm-none-eabi/11.3.1/thumb/v7e-m+fp/hard/crti.o
                0x0000000008002760                _init
 .init          0x0000000008002764        0x8 C:/ST/STM32CubeIDE_1.14.0/STM32CubeIDE/plugins/com.st.stm32cube.ide.mcu.externaltools.gnu-tools-for-stm32.11.3.rel1.win32_1.1.100.202309141235/tools/bin/../lib/gcc/arm-none-eabi/11.3.1/thumb/v7e-m+fp/hard/crtn.o
 *(.fini)
 .fini          0x000000000800276c        0x4 C:/ST/STM32CubeIDE_1.14.0/STM32CubeIDE/plugins/com.st.stm32cube.ide.mcu.externaltools.gnu-tools-for-stm32.11.3.rel1.win32_1.1.100.202309141235/tools/bin/../lib/gcc/arm-none-eabi/11.3.1/thumb/v7e-m+fp/hard/crti.o
                0x000000000800276c                _fini
 .fini          0x0000000008002770        0x8 C:/ST/STM32CubeIDE_1.14.0/STM32CubeIDE/plugins/com.st.stm32cube.ide.mcu.externaltools.gnu-tools-for-stm32.11.3.rel1.win32_1.1.100.202309141235/tools/bin/../lib/gcc/arm-none-eabi/11.3.1/thumb/v7e-m+fp/hard/crtn.o
                0x0000000008002778                . = ALIGN (0x4)
                0x0000000008002778                _etext = .

.vfp11_veneer   0x0000000008002778        0x0
 .vfp11_veneer  0x0000000008002778        0x0 linker stubs

.v4_bx          0x0000000008002778        0x0
 .v4_bx         0x0000000008002778        0x0 linker stubs

.iplt           0x0000000008002778        0x0
 .iplt          0x0000000008002778        0x0 C:/ST/STM32CubeIDE_1.14.0/STM32CubeIDE/plugins/com.st.stm32cube.ide.mcu.externaltools.gnu-tools-for-stm32.11.3.rel1.win32_1.1.100.202309141235/tools/bin/../lib/gcc/arm-none-eabi/11.3.1/thumb/v7e-m+fp/hard/crtbegin.o

.rodata         0x0000000008002778       0x40
                0x0000000008002778                . = ALIGN (0x4)
 *(.rodata)
 *(.rodata*)
 .rodata.AHBPrescTable
                0x0000000008002778       0x10 ./Core/Src/system_stm32l4xx.o
                0x0000000008002778                AHBPrescTable
 .rodata.MSIRangeTable
                0x0000000008002788       0x30 ./Core/Src/system_stm32l4xx.o
                0x0000000008002788                MSIRangeTable
                0x00000000080027b8                . = ALIGN (0x4)

.rel.dyn        0x00000000080027b8        0x0
 .rel.iplt      0x00000000080027b8        0x0 C:/ST/STM32CubeIDE_1.14.0/STM32CubeIDE/plugins/com.st.stm32cube.ide.mcu.externaltools.gnu-tools-for-stm32.11.3.rel1.win32_1.1.100.202309141235/tools/bin/../lib/gcc/arm-none-eabi/11.3.1/thumb/v7e-m+fp/hard/crtbegin.o

.ARM.extab      0x00000000080027b8        0x0
                0x00000000080027b8                . = ALIGN (0x4)
 *(.ARM.extab* .gnu.linkonce.armextab.*)
                0x00000000080027b8                . = ALIGN (0x4)

.ARM            0x00000000080027b8        0x0
                0x00000000080027b8                . = ALIGN (0x4)
                0x00000000080027b8                __exidx_start = .
 *(.ARM.exidx*)
                0x00000000080027b8                __exidx_end = .
                0x00000000080027b8                . = ALIGN (0x4)

.preinit_array  0x00000000080027b8        0x0
                0x00000000080027b8                . = ALIGN (0x4)
                0x00000000080027b8                PROVIDE (__preinit_array_start = .)
 *(.preinit_array*)
                0x00000000080027b8                PROVIDE (__preinit_array_end = .)
                0x00000000080027b8                . = ALIGN (0x4)

.init_array     0x00000000080027b8        0x4
                0x00000000080027b8                . = ALIGN (0x4)
                0x00000000080027b8                PROVIDE (__init_array_start = .)
 *(SORT_BY_NAME(.init_array.*))
 *(.init_array*)
 .init_array    0x00000000080027b8        0x4 C:/ST/STM32CubeIDE_1.14.0/STM32CubeIDE/plugins/com.st.stm32cube.ide.mcu.externaltools.gnu-tools-for-stm32.11.3.rel1.win32_1.1.100.202309141235/tools/bin/../lib/gcc/arm-none-eabi/11.3.1/thumb/v7e-m+fp/hard/crtbegin.o
                0x00000000080027bc                PROVIDE (__init_array_end = .)
                0x00000000080027bc                . = ALIGN (0x4)

.fini_array     0x00000000080027bc        0x4
                0x00000000080027bc                . = ALIGN (0x4)
                [!provide]                        PROVIDE (__fini_array_start = .)
 *(SORT_BY_NAME(.fini_array.*))
 *(.fini_array*)
 .fini_array    0x00000000080027bc        0x4 C:/ST/STM32CubeIDE_1.14.0/STM32CubeIDE/plugins/com.st.stm32cube.ide.mcu.externaltools.gnu-tools-for-stm32.11.3.rel1.win32_1.1.100.202309141235/tools/bin/../lib/gcc/arm-none-eabi/11.3.1/thumb/v7e-m+fp/hard/crtbegin.o
                [!provide]                        PROVIDE (__fini_array_end = .)
                0x00000000080027c0                . = ALIGN (0x4)
                0x00000000080027c0                _sidata = LOADADDR (.data)

.data           0x0000000020000000        0xc load address 0x00000000080027c0
                0x0000000020000000                . = ALIGN (0x4)
                0x0000000020000000                _sdata = .
 *(.data)
 *(.data*)
 .data.SystemCoreClock
                0x0000000020000000        0x4 ./Core/Src/system_stm32l4xx.o
                0x0000000020000000                SystemCoreClock
 .data.uwTickPrio
                0x0000000020000004        0x4 ./Drivers/STM32L4xx_HAL_Driver/Src/stm32l4xx_hal.o
                0x0000000020000004                uwTickPrio
 .data.uwTickFreq
                0x0000000020000008        0x1 ./Drivers/STM32L4xx_HAL_Driver/Src/stm32l4xx_hal.o
                0x0000000020000008                uwTickFreq
 *(.RamFunc)
 *(.RamFunc*)
                0x000000002000000c                . = ALIGN (0x4)
 *fill*         0x0000000020000009        0x3 
                0x000000002000000c                _edata = .

.igot.plt       0x000000002000000c        0x0 load address 0x00000000080027cc
 .igot.plt      0x000000002000000c        0x0 C:/ST/STM32CubeIDE_1.14.0/STM32CubeIDE/plugins/com.st.stm32cube.ide.mcu.externaltools.gnu-tools-for-stm32.11.3.rel1.win32_1.1.100.202309141235/tools/bin/../lib/gcc/arm-none-eabi/11.3.1/thumb/v7e-m+fp/hard/crtbegin.o
                0x000000002000000c                . = ALIGN (0x4)

.bss            0x000000002000000c       0x94 load address 0x00000000080027cc
                0x000000002000000c                _sbss = .
                0x000000002000000c                __bss_start__ = _sbss
 *(.bss)
 .bss           0x000000002000000c       0x1c C:/ST/STM32CubeIDE_1.14.0/STM32CubeIDE/plugins/com.st.stm32cube.ide.mcu.externaltools.gnu-tools-for-stm32.11.3.rel1.win32_1.1.100.202309141235/tools/bin/../lib/gcc/arm-none-eabi/11.3.1/thumb/v7e-m+fp/hard/crtbegin.o
 *(.bss*)
 .bss.hcan1     0x0000000020000028       0x28 ./Core/Src/main.o
                0x0000000020000028                hcan1
 .bss.TxHeader  0x0000000020000050       0x18 ./Core/Src/main.o
                0x0000000020000050                TxHeader
 .bss.RxHeader  0x0000000020000068       0x1c ./Core/Src/main.o
                0x0000000020000068                RxHeader
 .bss.TxData    0x0000000020000084        0x8 ./Core/Src/main.o
                0x0000000020000084                TxData
 .bss.RxData    0x000000002000008c        0x8 ./Core/Src/main.o
                0x000000002000008c                RxData
 .bss.TxMailbox
                0x0000000020000094        0x4 ./Core/Src/main.o
                0x0000000020000094                TxMailbox
 .bss.datacheck
                0x0000000020000098        0x4 ./Core/Src/main.o
                0x0000000020000098                datacheck
 .bss.uwTick    0x000000002000009c        0x4 ./Drivers/STM32L4xx_HAL_Driver/Src/stm32l4xx_hal.o
                0x000000002000009c                uwTick
 *(COMMON)
                0x00000000200000a0                . = ALIGN (0x4)
                0x00000000200000a0                _ebss = .
                0x00000000200000a0                __bss_end__ = _ebss

._user_heap_stack
                0x00000000200000a0      0x600 load address 0x00000000080027cc
                0x00000000200000a0                . = ALIGN (0x8)
                [!provide]                        PROVIDE (end = .)
                0x00000000200000a0                PROVIDE (_end = .)
                0x00000000200002a0                . = (. + _Min_Heap_Size)
 *fill*         0x00000000200000a0      0x200 
                0x00000000200006a0                . = (. + _Min_Stack_Size)
 *fill*         0x00000000200002a0      0x400 
                0x00000000200006a0                . = ALIGN (0x8)

/DISCARD/
 libc.a(*)
 libm.a(*)
 libgcc.a(*)

.ARM.attributes
                0x0000000000000000       0x30
 *(.ARM.attributes)
 .ARM.attributes
                0x0000000000000000       0x1e C:/ST/STM32CubeIDE_1.14.0/STM32CubeIDE/plugins/com.st.stm32cube.ide.mcu.externaltools.gnu-tools-for-stm32.11.3.rel1.win32_1.1.100.202309141235/tools/bin/../lib/gcc/arm-none-eabi/11.3.1/thumb/v7e-m+fp/hard/crti.o
 .ARM.attributes
                0x000000000000001e       0x34 C:/ST/STM32CubeIDE_1.14.0/STM32CubeIDE/plugins/com.st.stm32cube.ide.mcu.externaltools.gnu-tools-for-stm32.11.3.rel1.win32_1.1.100.202309141235/tools/bin/../lib/gcc/arm-none-eabi/11.3.1/thumb/v7e-m+fp/hard/crtbegin.o
 .ARM.attributes
                0x0000000000000052       0x34 ./Core/Src/main.o
 .ARM.attributes
                0x0000000000000086       0x34 ./Core/Src/stm32l4xx_hal_msp.o
 .ARM.attributes
                0x00000000000000ba       0x34 ./Core/Src/stm32l4xx_it.o
 .ARM.attributes
                0x00000000000000ee       0x34 ./Core/Src/system_stm32l4xx.o
 .ARM.attributes
                0x0000000000000122       0x21 ./Core/Startup/startup_stm32l476rgtx.o
 .ARM.attributes
                0x0000000000000143       0x34 ./Drivers/STM32L4xx_HAL_Driver/Src/stm32l4xx_hal.o
 .ARM.attributes
                0x0000000000000177       0x34 ./Drivers/STM32L4xx_HAL_Driver/Src/stm32l4xx_hal_can.o
 .ARM.attributes
                0x00000000000001ab       0x34 ./Drivers/STM32L4xx_HAL_Driver/Src/stm32l4xx_hal_cortex.o
 .ARM.attributes
                0x00000000000001df       0x34 ./Drivers/STM32L4xx_HAL_Driver/Src/stm32l4xx_hal_gpio.o
 .ARM.attributes
                0x0000000000000213       0x34 ./Drivers/STM32L4xx_HAL_Driver/Src/stm32l4xx_hal_pwr_ex.o
 .ARM.attributes
                0x0000000000000247       0x34 ./Drivers/STM32L4xx_HAL_Driver/Src/stm32l4xx_hal_rcc.o
 .ARM.attributes
                0x000000000000027b       0x34 C:/ST/STM32CubeIDE_1.14.0/STM32CubeIDE/plugins/com.st.stm32cube.ide.mcu.externaltools.gnu-tools-for-stm32.11.3.rel1.win32_1.1.100.202309141235/tools/bin/../lib/gcc/arm-none-eabi/11.3.1/../../../../arm-none-eabi/lib/thumb/v7e-m+fp/hard\libc_nano.a(libc_a-memset.o)
 .ARM.attributes
                0x00000000000002af       0x34 C:/ST/STM32CubeIDE_1.14.0/STM32CubeIDE/plugins/com.st.stm32cube.ide.mcu.externaltools.gnu-tools-for-stm32.11.3.rel1.win32_1.1.100.202309141235/tools/bin/../lib/gcc/arm-none-eabi/11.3.1/../../../../arm-none-eabi/lib/thumb/v7e-m+fp/hard\libc_nano.a(libc_a-init.o)
 .ARM.attributes
                0x00000000000002e3       0x1e C:/ST/STM32CubeIDE_1.14.0/STM32CubeIDE/plugins/com.st.stm32cube.ide.mcu.externaltools.gnu-tools-for-stm32.11.3.rel1.win32_1.1.100.202309141235/tools/bin/../lib/gcc/arm-none-eabi/11.3.1/thumb/v7e-m+fp/hard/crtn.o
OUTPUT(CAN_NORMAL_SENDER.elf elf32-littlearm)
LOAD linker stubs
LOAD C:/ST/STM32CubeIDE_1.14.0/STM32CubeIDE/plugins/com.st.stm32cube.ide.mcu.externaltools.gnu-tools-for-stm32.11.3.rel1.win32_1.1.100.202309141235/tools/bin/../lib/gcc/arm-none-eabi/11.3.1/../../../../arm-none-eabi/lib/thumb/v7e-m+fp/hard\libc.a
LOAD C:/ST/STM32CubeIDE_1.14.0/STM32CubeIDE/plugins/com.st.stm32cube.ide.mcu.externaltools.gnu-tools-for-stm32.11.3.rel1.win32_1.1.100.202309141235/tools/bin/../lib/gcc/arm-none-eabi/11.3.1/../../../../arm-none-eabi/lib/thumb/v7e-m+fp/hard\libm.a
LOAD C:/ST/STM32CubeIDE_1.14.0/STM32CubeIDE/plugins/com.st.stm32cube.ide.mcu.externaltools.gnu-tools-for-stm32.11.3.rel1.win32_1.1.100.202309141235/tools/bin/../lib/gcc/arm-none-eabi/11.3.1/thumb/v7e-m+fp/hard\libgcc.a

.comment        0x0000000000000000       0x43
 .comment       0x0000000000000000       0x43 C:/ST/STM32CubeIDE_1.14.0/STM32CubeIDE/plugins/com.st.stm32cube.ide.mcu.externaltools.gnu-tools-for-stm32.11.3.rel1.win32_1.1.100.202309141235/tools/bin/../lib/gcc/arm-none-eabi/11.3.1/thumb/v7e-m+fp/hard/crtbegin.o
                                         0x44 (size before relaxing)
 .comment       0x0000000000000043       0x44 ./Core/Src/main.o
 .comment       0x0000000000000043       0x44 ./Core/Src/stm32l4xx_hal_msp.o
 .comment       0x0000000000000043       0x44 ./Core/Src/stm32l4xx_it.o
 .comment       0x0000000000000043       0x44 ./Core/Src/system_stm32l4xx.o
 .comment       0x0000000000000043       0x44 ./Drivers/STM32L4xx_HAL_Driver/Src/stm32l4xx_hal.o
 .comment       0x0000000000000043       0x44 ./Drivers/STM32L4xx_HAL_Driver/Src/stm32l4xx_hal_can.o
 .comment       0x0000000000000043       0x44 ./Drivers/STM32L4xx_HAL_Driver/Src/stm32l4xx_hal_cortex.o
 .comment       0x0000000000000043       0x44 ./Drivers/STM32L4xx_HAL_Driver/Src/stm32l4xx_hal_gpio.o
 .comment       0x0000000000000043       0x44 ./Drivers/STM32L4xx_HAL_Driver/Src/stm32l4xx_hal_pwr_ex.o
 .comment       0x0000000000000043       0x44 ./Drivers/STM32L4xx_HAL_Driver/Src/stm32l4xx_hal_rcc.o

.debug_info     0x0000000000000000     0x6c74
 .debug_info    0x0000000000000000     0x109f ./Core/Src/main.o
 .debug_info    0x000000000000109f      0xb07 ./Core/Src/stm32l4xx_hal_msp.o
 .debug_info    0x0000000000001ba6      0x544 ./Core/Src/stm32l4xx_it.o
 .debug_info    0x00000000000020ea      0x5b1 ./Core/Src/system_stm32l4xx.o
 .debug_info    0x000000000000269b       0x23 ./Core/Startup/startup_stm32l476rgtx.o
 .debug_info    0x00000000000026be      0xc09 ./Drivers/STM32L4xx_HAL_Driver/Src/stm32l4xx_hal.o
 .debug_info    0x00000000000032c7      0xf58 ./Drivers/STM32L4xx_HAL_Driver/Src/stm32l4xx_hal_can.o
 .debug_info    0x000000000000421f      0xd4c ./Drivers/STM32L4xx_HAL_Driver/Src/stm32l4xx_hal_cortex.o
 .debug_info    0x0000000000004f6b      0x757 ./Drivers/STM32L4xx_HAL_Driver/Src/stm32l4xx_hal_gpio.o
 .debug_info    0x00000000000056c2      0x99e ./Drivers/STM32L4xx_HAL_Driver/Src/stm32l4xx_hal_pwr_ex.o
 .debug_info    0x0000000000006060      0xc14 ./Drivers/STM32L4xx_HAL_Driver/Src/stm32l4xx_hal_rcc.o

.debug_abbrev   0x0000000000000000     0x1584
 .debug_abbrev  0x0000000000000000      0x298 ./Core/Src/main.o
 .debug_abbrev  0x0000000000000298      0x1bb ./Core/Src/stm32l4xx_hal_msp.o
 .debug_abbrev  0x0000000000000453      0x1a2 ./Core/Src/stm32l4xx_it.o
 .debug_abbrev  0x00000000000005f5      0x11a ./Core/Src/system_stm32l4xx.o
 .debug_abbrev  0x000000000000070f       0x12 ./Core/Startup/startup_stm32l476rgtx.o
 .debug_abbrev  0x0000000000000721      0x243 ./Drivers/STM32L4xx_HAL_Driver/Src/stm32l4xx_hal.o
 .debug_abbrev  0x0000000000000964      0x26a ./Drivers/STM32L4xx_HAL_Driver/Src/stm32l4xx_hal_can.o
 .debug_abbrev  0x0000000000000bce      0x327 ./Drivers/STM32L4xx_HAL_Driver/Src/stm32l4xx_hal_cortex.o
 .debug_abbrev  0x0000000000000ef5      0x1cb ./Drivers/STM32L4xx_HAL_Driver/Src/stm32l4xx_hal_gpio.o
 .debug_abbrev  0x00000000000010c0      0x1f9 ./Drivers/STM32L4xx_HAL_Driver/Src/stm32l4xx_hal_pwr_ex.o
 .debug_abbrev  0x00000000000012b9      0x2cb ./Drivers/STM32L4xx_HAL_Driver/Src/stm32l4xx_hal_rcc.o

.debug_aranges  0x0000000000000000      0x708
 .debug_aranges
                0x0000000000000000       0x50 ./Core/Src/main.o
 .debug_aranges
                0x0000000000000050       0x30 ./Core/Src/stm32l4xx_hal_msp.o
 .debug_aranges
                0x0000000000000080       0x70 ./Core/Src/stm32l4xx_it.o
 .debug_aranges
                0x00000000000000f0       0x28 ./Core/Src/system_stm32l4xx.o
 .debug_aranges
                0x0000000000000118       0x28 ./Core/Startup/startup_stm32l476rgtx.o
 .debug_aranges
                0x0000000000000140      0x130 ./Drivers/STM32L4xx_HAL_Driver/Src/stm32l4xx_hal.o
 .debug_aranges
                0x0000000000000270      0x138 ./Drivers/STM32L4xx_HAL_Driver/Src/stm32l4xx_hal_can.o
 .debug_aranges
                0x00000000000003a8      0x118 ./Drivers/STM32L4xx_HAL_Driver/Src/stm32l4xx_hal_cortex.o
 .debug_aranges
                0x00000000000004c0       0x58 ./Drivers/STM32L4xx_HAL_Driver/Src/stm32l4xx_hal_gpio.o
 .debug_aranges
                0x0000000000000518      0x160 ./Drivers/STM32L4xx_HAL_Driver/Src/stm32l4xx_hal_pwr_ex.o
 .debug_aranges
                0x0000000000000678       0x90 ./Drivers/STM32L4xx_HAL_Driver/Src/stm32l4xx_hal_rcc.o

.debug_rnglists
                0x0000000000000000      0x52d
 .debug_rnglists
                0x0000000000000000       0x3b ./Core/Src/main.o
 .debug_rnglists
                0x000000000000003b       0x20 ./Core/Src/stm32l4xx_hal_msp.o
 .debug_rnglists
                0x000000000000005b       0x4f ./Core/Src/stm32l4xx_it.o
 .debug_rnglists
                0x00000000000000aa       0x1a ./Core/Src/system_stm32l4xx.o
 .debug_rnglists
                0x00000000000000c4       0x19 ./Core/Startup/startup_stm32l476rgtx.o
 .debug_rnglists
                0x00000000000000dd       0xdf ./Drivers/STM32L4xx_HAL_Driver/Src/stm32l4xx_hal.o
 .debug_rnglists
                0x00000000000001bc       0xee ./Drivers/STM32L4xx_HAL_Driver/Src/stm32l4xx_hal_can.o
 .debug_rnglists
                0x00000000000002aa       0xce ./Drivers/STM32L4xx_HAL_Driver/Src/stm32l4xx_hal_cortex.o
 .debug_rnglists
                0x0000000000000378       0x3f ./Drivers/STM32L4xx_HAL_Driver/Src/stm32l4xx_hal_gpio.o
 .debug_rnglists
                0x00000000000003b7      0x109 ./Drivers/STM32L4xx_HAL_Driver/Src/stm32l4xx_hal_pwr_ex.o
 .debug_rnglists
                0x00000000000004c0       0x6d ./Drivers/STM32L4xx_HAL_Driver/Src/stm32l4xx_hal_rcc.o

.debug_macro    0x0000000000000000    0x2476d
 .debug_macro   0x0000000000000000      0x1b1 ./Core/Src/main.o
 .debug_macro   0x00000000000001b1      0xaa8 ./Core/Src/main.o
 .debug_macro   0x0000000000000c59      0x1a1 ./Core/Src/main.o
 .debug_macro   0x0000000000000dfa       0x2e ./Core/Src/main.o
 .debug_macro   0x0000000000000e28       0x28 ./Core/Src/main.o
 .debug_macro   0x0000000000000e50       0x22 ./Core/Src/main.o
 .debug_macro   0x0000000000000e72       0x8e ./Core/Src/main.o
 .debug_macro   0x0000000000000f00       0x51 ./Core/Src/main.o
 .debug_macro   0x0000000000000f51      0x103 ./Core/Src/main.o
 .debug_macro   0x0000000000001054       0x6a ./Core/Src/main.o
 .debug_macro   0x00000000000010be      0x1df ./Core/Src/main.o
 .debug_macro   0x000000000000129d       0x1c ./Core/Src/main.o
 .debug_macro   0x00000000000012b9       0x22 ./Core/Src/main.o
 .debug_macro   0x00000000000012db       0xfb ./Core/Src/main.o
 .debug_macro   0x00000000000013d6     0x1011 ./Core/Src/main.o
 .debug_macro   0x00000000000023e7      0x11f ./Core/Src/main.o
 .debug_macro   0x0000000000002506    0x1a17a ./Core/Src/main.o
 .debug_macro   0x000000000001c680       0x6d ./Core/Src/main.o
 .debug_macro   0x000000000001c6ed     0x38e6 ./Core/Src/main.o
 .debug_macro   0x000000000001ffd3      0x174 ./Core/Src/main.o
 .debug_macro   0x0000000000020147       0x5c ./Core/Src/main.o
 .debug_macro   0x00000000000201a3     0x159e ./Core/Src/main.o
 .debug_macro   0x0000000000021741      0x5a5 ./Core/Src/main.o
 .debug_macro   0x0000000000021ce6      0x1b9 ./Core/Src/main.o
 .debug_macro   0x0000000000021e9f      0x18b ./Core/Src/main.o
 .debug_macro   0x000000000002202a      0x26b ./Core/Src/main.o
 .debug_macro   0x0000000000022295      0x23d ./Core/Src/main.o
 .debug_macro   0x00000000000224d2      0x408 ./Core/Src/main.o
 .debug_macro   0x00000000000228da      0x241 ./Core/Src/main.o
 .debug_macro   0x0000000000022b1b      0x37c ./Core/Src/main.o
 .debug_macro   0x0000000000022e97       0xd6 ./Core/Src/main.o
 .debug_macro   0x0000000000022f6d      0x122 ./Core/Src/main.o
 .debug_macro   0x000000000002308f      0x3ef ./Core/Src/main.o
 .debug_macro   0x000000000002347e      0x330 ./Core/Src/main.o
 .debug_macro   0x00000000000237ae       0x22 ./Core/Src/main.o
 .debug_macro   0x00000000000237d0      0x1b1 ./Core/Src/stm32l4xx_hal_msp.o
 .debug_macro   0x0000000000023981      0x1bb ./Core/Src/stm32l4xx_it.o
 .debug_macro   0x0000000000023b3c      0x1a2 ./Core/Src/system_stm32l4xx.o
 .debug_macro   0x0000000000023cde      0x1f0 ./Drivers/STM32L4xx_HAL_Driver/Src/stm32l4xx_hal.o
 .debug_macro   0x0000000000023ece      0x1aa ./Drivers/STM32L4xx_HAL_Driver/Src/stm32l4xx_hal_can.o
 .debug_macro   0x0000000000024078      0x1a2 ./Drivers/STM32L4xx_HAL_Driver/Src/stm32l4xx_hal_cortex.o
 .debug_macro   0x000000000002421a      0x1a9 ./Drivers/STM32L4xx_HAL_Driver/Src/stm32l4xx_hal_gpio.o
 .debug_macro   0x00000000000243c3      0x1c6 ./Drivers/STM32L4xx_HAL_Driver/Src/stm32l4xx_hal_pwr_ex.o
 .debug_macro   0x0000000000024589      0x1e4 ./Drivers/STM32L4xx_HAL_Driver/Src/stm32l4xx_hal_rcc.o

.debug_line     0x0000000000000000     0x709b
 .debug_line    0x0000000000000000      0x89d ./Core/Src/main.o
 .debug_line    0x000000000000089d      0x753 ./Core/Src/stm32l4xx_hal_msp.o
 .debug_line    0x0000000000000ff0      0x7f5 ./Core/Src/stm32l4xx_it.o
 .debug_line    0x00000000000017e5      0x79a ./Core/Src/system_stm32l4xx.o
 .debug_line    0x0000000000001f7f       0x7a ./Core/Startup/startup_stm32l476rgtx.o
 .debug_line    0x0000000000001ff9      0xaf3 ./Drivers/STM32L4xx_HAL_Driver/Src/stm32l4xx_hal.o
 .debug_line    0x0000000000002aec     0x115d ./Drivers/STM32L4xx_HAL_Driver/Src/stm32l4xx_hal_can.o
 .debug_line    0x0000000000003c49      0xc99 ./Drivers/STM32L4xx_HAL_Driver/Src/stm32l4xx_hal_cortex.o
 .debug_line    0x00000000000048e2      0xb66 ./Drivers/STM32L4xx_HAL_Driver/Src/stm32l4xx_hal_gpio.o
 .debug_line    0x0000000000005448      0xcea ./Drivers/STM32L4xx_HAL_Driver/Src/stm32l4xx_hal_pwr_ex.o
 .debug_line    0x0000000000006132      0xf69 ./Drivers/STM32L4xx_HAL_Driver/Src/stm32l4xx_hal_rcc.o

.debug_str      0x0000000000000000    0xe0a0e
 .debug_str     0x0000000000000000    0xdf09f ./Core/Src/main.o
                                      0xdf438 (size before relaxing)
 .debug_str     0x00000000000df09f       0x72 ./Core/Src/stm32l4xx_hal_msp.o
                                      0xdf012 (size before relaxing)
 .debug_str     0x00000000000df111      0x11e ./Core/Src/stm32l4xx_it.o
                                      0xdea0b (size before relaxing)
 .debug_str     0x00000000000df22f       0xf2 ./Core/Src/system_stm32l4xx.o
                                      0xde800 (size before relaxing)
 .debug_str     0x00000000000df321       0x34 ./Core/Startup/startup_stm32l476rgtx.o
                                         0x79 (size before relaxing)
 .debug_str     0x00000000000df355      0x6a7 ./Drivers/STM32L4xx_HAL_Driver/Src/stm32l4xx_hal.o
                                      0xdf3ff (size before relaxing)
 .debug_str     0x00000000000df9fc      0x3e5 ./Drivers/STM32L4xx_HAL_Driver/Src/stm32l4xx_hal_can.o
                                      0xdee7a (size before relaxing)
 .debug_str     0x00000000000dfde1      0x329 ./Drivers/STM32L4xx_HAL_Driver/Src/stm32l4xx_hal_cortex.o
                                      0xdf047 (size before relaxing)
 .debug_str     0x00000000000e010a       0xdc ./Drivers/STM32L4xx_HAL_Driver/Src/stm32l4xx_hal_gpio.o
                                      0xde979 (size before relaxing)
 .debug_str     0x00000000000e01e6      0x4e3 ./Drivers/STM32L4xx_HAL_Driver/Src/stm32l4xx_hal_pwr_ex.o
                                      0xded5b (size before relaxing)
 .debug_str     0x00000000000e06c9      0x345 ./Drivers/STM32L4xx_HAL_Driver/Src/stm32l4xx_hal_rcc.o
                                      0xdee46 (size before relaxing)

.debug_frame    0x0000000000000000     0x1b18
 .debug_frame   0x0000000000000000       0xfc ./Core/Src/main.o
 .debug_frame   0x00000000000000fc       0x80 ./Core/Src/stm32l4xx_hal_msp.o
 .debug_frame   0x000000000000017c      0x13c ./Core/Src/stm32l4xx_it.o
 .debug_frame   0x00000000000002b8       0x58 ./Core/Src/system_stm32l4xx.o
 .debug_frame   0x0000000000000310      0x498 ./Drivers/STM32L4xx_HAL_Driver/Src/stm32l4xx_hal.o
 .debug_frame   0x00000000000007a8      0x5a0 ./Drivers/STM32L4xx_HAL_Driver/Src/stm32l4xx_hal_can.o
 .debug_frame   0x0000000000000d48      0x498 ./Drivers/STM32L4xx_HAL_Driver/Src/stm32l4xx_hal_cortex.o
 .debug_frame   0x00000000000011e0      0x14c ./Drivers/STM32L4xx_HAL_Driver/Src/stm32l4xx_hal_gpio.o
 .debug_frame   0x000000000000132c      0x584 ./Drivers/STM32L4xx_HAL_Driver/Src/stm32l4xx_hal_pwr_ex.o
 .debug_frame   0x00000000000018b0      0x21c ./Drivers/STM32L4xx_HAL_Driver/Src/stm32l4xx_hal_rcc.o
 .debug_frame   0x0000000000001acc       0x20 C:/ST/STM32CubeIDE_1.14.0/STM32CubeIDE/plugins/com.st.stm32cube.ide.mcu.externaltools.gnu-tools-for-stm32.11.3.rel1.win32_1.1.100.202309141235/tools/bin/../lib/gcc/arm-none-eabi/11.3.1/../../../../arm-none-eabi/lib/thumb/v7e-m+fp/hard\libc_nano.a(libc_a-memset.o)
 .debug_frame   0x0000000000001aec       0x2c C:/ST/STM32CubeIDE_1.14.0/STM32CubeIDE/plugins/com.st.stm32cube.ide.mcu.externaltools.gnu-tools-for-stm32.11.3.rel1.win32_1.1.100.202309141235/tools/bin/../lib/gcc/arm-none-eabi/11.3.1/../../../../arm-none-eabi/lib/thumb/v7e-m+fp/hard\libc_nano.a(libc_a-init.o)

.debug_line_str
                0x0000000000000000       0x6d
 .debug_line_str
                0x0000000000000000       0x6d ./Core/Startup/startup_stm32l476rgtx.o
                                         0x85 (size before relaxing)
